/usr/bin/asahi-diagnose: line 17: hostname: command not found
# Asahi Linux System Diagnostic Dump

    Collected at:   Thu  4 May 10:01:09 BST 2023 (2023-05-04T10:01:09+01:00)
    Username:       mark
    Hostname:       

## Device information
    Model:          Apple MacBook Air (M1, 2020)
    Compatible:     apple,j313 apple,t8103 apple,arm-platform

## Firmware versions
    iBoot1:         iBoot-8419.60.44
    iBoot2:         iBoot-7459.101.2
    SFR:            13.1
    OS firmware:    12.3
    m1n1 stage 2:   v1.2.6
    U-Boot:         2023.01

## Boot information
    ESP UUID:       97120e06-ccbf-40a0-b79c-08bbff61a9a1
    EFI:            available

## System information
    Kernel:         6.2.0-asahi-11-1-edge-ARCH
    Kernel build:   #2 SMP PREEMPT_DYNAMIC Sun, 19 Mar 2023 10:26:57 +0000
    Uptime:          10:01:09 up 2 min,  3 users,  load average: 0.22, 0.19, 0.08
    Kernel cmdline: BOOT_IMAGE=/boot/vmlinuz-linux-asahi-edge root=UUID=8987e508-af5d-4dc1-be0d-cb41571c841b rw loglevel=3 quiet

## Environment
    COLORTERM=truecolor
    DISPLAY=:1
    LANG=en_GB.UTF-8
    LANGUAGE=
    LC_ADDRESS=en_GB.UTF-8
    LC_IDENTIFICATION=en_GB.UTF-8
    LC_MEASUREMENT=en_GB.UTF-8
    LC_MONETARY=en_GB.UTF-8
    LC_NAME=en_GB.UTF-8
    LC_NUMERIC=en_GB.UTF-8
    LC_PAPER=en_GB.UTF-8
    LC_TELEPHONE=en_GB.UTF-8
    LC_TIME=en_GB.UTF-8
    TERM=xterm-256color
    WAYLAND_DISPLAY=wayland-0
    XDG_SESSION_TYPE=wayland

## Mounts
```
proc /proc proc rw,nosuid,nodev,noexec,relatime 0 0
sys /sys sysfs rw,nosuid,nodev,noexec,relatime 0 0
dev /dev devtmpfs rw,nosuid,relatime,size=8005376k,nr_inodes=500336,mode=755 0 0
run /run tmpfs rw,nosuid,nodev,relatime,mode=755 0 0
efivarfs /sys/firmware/efi/efivars efivarfs ro,nosuid,nodev,noexec,relatime 0 0
/dev/nvme0n1p5 / ext4 rw,relatime 0 0
vendorfw /usr/lib/firmware/vendor tmpfs rw,relatime 0 0
securityfs /sys/kernel/security securityfs rw,nosuid,nodev,noexec,relatime 0 0
tmpfs /dev/shm tmpfs rw,nosuid,nodev 0 0
devpts /dev/pts devpts rw,nosuid,noexec,relatime,gid=5,mode=620,ptmxmode=000 0 0
cgroup2 /sys/fs/cgroup cgroup2 rw,nosuid,nodev,noexec,relatime,nsdelegate,memory_recursiveprot 0 0
pstore /sys/fs/pstore pstore rw,nosuid,nodev,noexec,relatime 0 0
bpf /sys/fs/bpf bpf rw,nosuid,nodev,noexec,relatime,mode=700 0 0
systemd-1 /proc/sys/fs/binfmt_misc autofs rw,relatime,fd=30,pgrp=1,timeout=0,minproto=5,maxproto=5,direct,pipe_ino=7461 0 0
debugfs /sys/kernel/debug debugfs rw,nosuid,nodev,noexec,relatime 0 0
hugetlbfs /dev/hugepages hugetlbfs rw,relatime,pagesize=32M 0 0
mqueue /dev/mqueue mqueue rw,nosuid,nodev,noexec,relatime 0 0
tmpfs /tmp tmpfs rw,nosuid,nodev,nr_inodes=1048576 0 0
fusectl /sys/fs/fuse/connections fusectl rw,nosuid,nodev,noexec,relatime 0 0
configfs /sys/kernel/config configfs rw,nosuid,nodev,noexec,relatime 0 0
ramfs /run/credentials/systemd-sysctl.service ramfs ro,nosuid,nodev,noexec,relatime,mode=700 0 0
ramfs /run/credentials/systemd-tmpfiles-setup-dev.service ramfs ro,nosuid,nodev,noexec,relatime,mode=700 0 0
/dev/nvme0n1p4 /boot/efi vfat rw,relatime,fmask=0022,dmask=0022,codepage=437,iocharset=iso8859-1,shortname=mixed,errors=remount-ro 0 0
ramfs /run/credentials/systemd-tmpfiles-setup.service ramfs ro,nosuid,nodev,noexec,relatime,mode=700 0 0
ramfs /run/credentials/systemd-resolved.service ramfs ro,nosuid,nodev,noexec,relatime,mode=700 0 0
tmpfs /run/user/1000 tmpfs rw,nosuid,nodev,relatime,size=1608640k,nr_inodes=402160,mode=700,uid=1000,gid=1000 0 0
portal /run/user/1000/doc fuse.portal rw,nosuid,nodev,relatime,user_id=1000,group_id=1000 0 0
gvfsd-fuse /run/user/1000/gvfs fuse.gvfsd-fuse rw,nosuid,nodev,relatime,user_id=1000,group_id=1000 0 0
```

## Package versions
```
m1n1 1.2.6-1
uboot-asahi 2023.01.asahi3-1
asahi-scripts 20221220-1
asahi-meta 4-1
asahi-desktop-meta 3-1
asahi-fwextract 0.5pre2-2
asahi-configs 20230313-2
alsa-ucm-conf-asahi 1-1
asahilinux-keyring 20220225-1
linux-asahi 6.2.asahi11-1
linux-asahi-edge 6.2.asahi11-1
mesa-asahi-edge 23.1.0_pre20230321-1
xorg-server 21.1.8-1
pipewire 1:0.3.70-1
kwin 5.27.4.1-1
```

## Block devices
```
NAME        MAJ:MIN RM   SIZE RO TYPE MOUNTPOINTS
sda           8:0    1     0B  0 disk 
sdb           8:16   1     0B  0 disk 
nvme0n1     259:0    0 465.9G  0 disk 
├─nvme0n1p1 259:1    0   500M  0 part 
├─nvme0n1p2 259:2    0 119.2G  0 part 
├─nvme0n1p3 259:3    0   2.3G  0 part 
├─nvme0n1p4 259:4    0   477M  0 part /boot/efi
├─nvme0n1p5 259:5    0  71.7G  0 part /
└─nvme0n1p6 259:6    0     5G  0 part 
nvme0n2     259:7    0     3M  0 disk 
nvme0n3     259:8    0   128M  0 disk 
```

## PCI devices
```
00:00.0 PCI bridge: Apple Inc. Apple Silicon PCI Express Root Port (rev 01)
01:00.0 Network controller: Broadcom Inc. and subsidiaries BRCM4378 Wireless Network Adapter (rev 03)
01:00.1 Network controller: Broadcom Inc. and subsidiaries BRCM4378 Bluetooth Controller (rev 03)
```

## Input devices
```
I: Bus=001c Vendor=05ac Product=0281 Version=0935
N: Name="Apple Internal Keyboard / Trackpad"
P: Phys=spi1.0 (1)
S: Sysfs=/devices/platform/soc/23510c000.spi/spi_master/spi1/spi1.0/001C:05AC:0281.0001/input/input5
U: Uniq=
H: Handlers=sysrq kbd leds event0 
B: PROP=0
B: EV=120013
B: KEY=10000 0 0 0 101007b02011007 ff9f21fac14057ff ffbeffdfffefffff fffffffffffffffe
B: MSC=10
B: LED=1f

I: Bus=001c Vendor=05ac Product=0281 Version=0935
N: Name="Apple Internal Keyboard / Trackpad"
P: Phys=spi1.0 (2)
S: Sysfs=/devices/platform/soc/23510c000.spi/spi_master/spi1/spi1.0/001C:05AC:0281.0002/input/input6
U: Uniq=
H: Handlers=mouse0 event1 
B: PROP=5
B: EV=1b
B: KEY=e520 10000 0 0 0 0
B: ABS=67f800001000003
B: MSC=10

I: Bus=0000 Vendor=0000 Product=0000 Version=0000
N: Name="Apple SMC power/lid events"
P: Phys=macsmc-hid (0)
S: Sysfs=/devices/platform/soc/23e400000.smc/macsmc-hid/input/input7
U: Uniq=
H: Handlers=kbd event2 
B: PROP=0
B: EV=23
B: KEY=10000000000000 0
B: SW=1

I: Bus=0000 Vendor=0000 Product=0000 Version=0000
N: Name="MacBook Air J313 Headphone Jack"
P: Phys=ALSA
S: Sysfs=/devices/platform/sound/sound/card0/input8
U: Uniq=
H: Handlers=event3 
B: PROP=0
B: EV=21
B: SW=14

I: Bus=0003 Vendor=3151 Product=1020 Version=0200
N: Name="YICHIP Wireless Device Mouse"
P: Phys=usb-xhci-hcd.1.auto-1.4/input1
S: Sysfs=/devices/platform/soc/502280000.usb/xhci-hcd.1.auto/usb3/3-1/3-1.4/3-1.4:1.1/0003:3151:1020.0004/input/input9
U: Uniq=
H: Handlers=mouse1 event4 
B: PROP=0
B: EV=17
B: KEY=1f0000 0 0 0 0
B: REL=1943
B: MSC=10

I: Bus=0003 Vendor=3151 Product=1020 Version=0200
N: Name="YICHIP Wireless Device System Control"
P: Phys=usb-xhci-hcd.1.auto-1.4/input1
S: Sysfs=/devices/platform/soc/502280000.usb/xhci-hcd.1.auto/usb3/3-1/3-1.4/3-1.4:1.1/0003:3151:1020.0004/input/input10
U: Uniq=
H: Handlers=kbd event5 
B: PROP=0
B: EV=13
B: KEY=40000000000000 0 0 0 40000010cc00 10000000000000 0
B: MSC=10

I: Bus=0003 Vendor=3151 Product=1020 Version=0200
N: Name="YICHIP Wireless Device Consumer Control"
P: Phys=usb-xhci-hcd.1.auto-1.4/input1
S: Sysfs=/devices/platform/soc/502280000.usb/xhci-hcd.1.auto/usb3/3-1/3-1.4/3-1.4:1.1/0003:3151:1020.0004/input/input11
U: Uniq=
H: Handlers=kbd event6 
B: PROP=0
B: EV=1f
B: KEY=3f00033fff 0 0 483ffff17aff32d bfd4444600000000 1 130ff38b17d000 677bfad9415fed 19ed68000004400 10000002
B: REL=1040
B: ABS=100000000
B: MSC=10

I: Bus=0003 Vendor=0603 Product=00f2 Version=0110
N: Name="NOVATEK USB Keyboard"
P: Phys=usb-xhci-hcd.1.auto-1.2/input0
S: Sysfs=/devices/platform/soc/502280000.usb/xhci-hcd.1.auto/usb3/3-1/3-1.2/3-1.2:1.0/0003:0603:00F2.0005/input/input13
U: Uniq=
H: Handlers=sysrq kbd leds event7 
B: PROP=0
B: EV=120013
B: KEY=1000000000007 ff9f207ac14057ff febeffdfffefffff fffffffffffffffe
B: MSC=10
B: LED=1f

I: Bus=0003 Vendor=0603 Product=00f2 Version=0110
N: Name="NOVATEK USB Keyboard System Control"
P: Phys=usb-xhci-hcd.1.auto-1.2/input1
S: Sysfs=/devices/platform/soc/502280000.usb/xhci-hcd.1.auto/usb3/3-1/3-1.2/3-1.2:1.1/0003:0603:00F2.0006/input/input14
U: Uniq=
H: Handlers=kbd event8 
B: PROP=0
B: EV=13
B: KEY=c000 10000000000000 0
B: MSC=10

I: Bus=0003 Vendor=0603 Product=00f2 Version=0110
N: Name="NOVATEK USB Keyboard Consumer Control"
P: Phys=usb-xhci-hcd.1.auto-1.2/input1
S: Sysfs=/devices/platform/soc/502280000.usb/xhci-hcd.1.auto/usb3/3-1/3-1.2/3-1.2:1.1/0003:0603:00F2.0006/input/input15
U: Uniq=
H: Handlers=kbd event9 
B: PROP=0
B: EV=13
B: KEY=2000000 3878d8011001 e000000000000 0
B: MSC=10

I: Bus=0003 Vendor=0603 Product=00f2 Version=0110
N: Name="NOVATEK USB Keyboard"
P: Phys=usb-xhci-hcd.1.auto-1.2/input1
S: Sysfs=/devices/platform/soc/502280000.usb/xhci-hcd.1.auto/usb3/3-1/3-1.2/3-1.2:1.1/0003:0603:00F2.0006/input/input16
U: Uniq=
H: Handlers=event10 
B: PROP=0
B: EV=13
B: KEY=7fff8000 0 0 0 0
B: MSC=10
```

## Loaded modules
```
Module                  Size  Used by
usbhid                 98304  0
uas                    81920  0
usb_storage           131072  1 uas
rfcomm                131072  16
snd_seq_dummy          65536  0
snd_hrtimer            65536  1
snd_seq               114688  7 snd_seq_dummy
snd_seq_device         65536  1 snd_seq
bnep                   81920  2
xhci_plat_hcd          65536  0
xhci_hcd              229376  1 xhci_plat_hcd
brcmfmac_wcc           65536  0
hci_bcm4377            81920  0
bluetooth             835584  42 hci_bcm4377,bnep,rfcomm
brcmfmac              294912  1 brcmfmac_wcc
brcmutil               65536  1 brcmfmac
ecdh_generic           65536  1 bluetooth
ecc                    81920  1 ecdh_generic
des_generic            65536  0
libdes                 65536  1 des_generic
md4                    65536  0
nls_iso8859_1          65536  1
appledrm               81920  43
snd_soc_macaudio       81920  0
apple_piodma           65536  0
macsmc_power           65536  0
macsmc_reboot          65536  0
macsmc_hid             65536  0
ofpart                 81920  0
clk_apple_nco          65536  6
asahi                1310720  47
spi_nor               147456  0
snd_soc_apple_mca      65536  1
apple_admac            81920  3
snd_soc_cs42l83_i2c    65536  1
snd_soc_tas2770        65536  0
pwm_apple              65536  1
snd_soc_cs42l42        81920  1 snd_soc_cs42l83_i2c
apple_dcp              98304  1 appledrm
drm_dma_helper         65536  2 appledrm,apple_dcp
apple_soc_cpufreq      81920  0
leds_pwm               65536  0
cfg80211              475136  1 brcmfmac
joydev                 81920  0
rfkill                 65536  8 bluetooth,cfg80211
crypto_user            65536  0
fuse                  180224  5
loop                   65536  0
hid_magicmouse         81920  0
hid_apple              81920  0
nvmem_spmi_mfd         65536  6
rtc_macsmc             65536  0
gpio_macsmc            81920  1
spi_hid_apple_of       65536  0
spi_hid_apple          81920  1 spi_hid_apple_of
tps6598x               65536  0
simple_mfd_spmi        65536  0
regmap_spmi            65536  1 simple_mfd_spmi
pcie_apple             81920  0
pci_host_common        65536  1 pcie_apple
phy_apple_atc          81920  14
typec                 131072  2 phy_apple_atc,tps6598x
dwc3                  147456  2
udc_core               81920  1 dwc3
macsmc_rtkit           65536  0
macsmc                 81920  6 macsmc_rtkit,macsmc_reboot,gpio_macsmc,macsmc_hid,macsmc_power,rtc_macsmc
mfd_core               81920  1 macsmc
nvmem_apple_efuses     65536  0
spmi_apple_controller    65536  0
pinctrl_apple_gpio     65536  7
spi_apple              65536  0
i2c_apple              81920  0
apple_dart             65536  8
nvme_apple             81920  2
apple_sart             81920  1 nvme_apple
```

## Module parameters
    asahi
        debug_flags=0
        initial_tvb_size=8

    hid_apple
        fnmode=3
        iso_layout=-1
        swap_ctrl_cmd=0
        swap_fn_leftctrl=0
        swap_opt_cmd=0

    hid_magicmouse
        emulate_3button=Y
        emulate_scroll_wheel=Y
        report_undeciphered=N
        scroll_acceleration=N
        scroll_speed=32


## Kernel log
```
Apr 11 18:46:31 mark-mac kernel: Booting Linux on physical CPU 0x0000000000 [0x611f0221]
Apr 11 18:46:31 mark-mac kernel: Linux version 6.2.0-asahi-11-1-edge-ARCH (linux-asahi@archlinux) (gcc (GCC) 12.1.0, GNU ld (GNU Binutils) 2.38) #2 SMP PREEMPT_DYNAMIC Sun, 19 Mar 2023 10:26:57 +0000
Apr 11 18:46:31 mark-mac kernel: random: crng init done
Apr 11 18:46:31 mark-mac kernel: Machine model: Apple MacBook Air (M1, 2020)
Apr 11 18:46:31 mark-mac kernel: efi: EFI v2.100 by Das U-Boot
Apr 11 18:46:31 mark-mac kernel: efi: RTPROP=0xbd9f2c040 INITRD=0xbd60a4040 MEMRESERVE=0xbd60a2040 
Apr 11 18:46:31 mark-mac kernel: Zone ranges:
Apr 11 18:46:31 mark-mac kernel:   DMA      [mem 0x0000000801ed8000-0x0000000bfffbbfff]
Apr 11 18:46:31 mark-mac kernel:   DMA32    empty
Apr 11 18:46:31 mark-mac kernel:   Normal   empty
Apr 11 18:46:31 mark-mac kernel: Movable zone start for each node
Apr 11 18:46:31 mark-mac kernel: Early memory node ranges
Apr 11 18:46:31 mark-mac kernel:   node   0: [mem 0x0000000801ed8000-0x0000000803127fff]
Apr 11 18:46:31 mark-mac kernel:   node   0: [mem 0x0000000803128000-0x00000008031fbfff]
Apr 11 18:46:31 mark-mac kernel:   node   0: [mem 0x00000008031fc000-0x0000000804f8bfff]
Apr 11 18:46:31 mark-mac kernel:   node   0: [mem 0x0000000804f8c000-0x0000000804fabfff]
Apr 11 18:46:31 mark-mac kernel:   node   0: [mem 0x0000000804fac000-0x0000000bd9f2bfff]
Apr 11 18:46:31 mark-mac kernel:   node   0: [mem 0x0000000bd9f2c000-0x0000000bd9f37fff]
Apr 11 18:46:31 mark-mac kernel:   node   0: [mem 0x0000000bd9f38000-0x0000000bdef6ffff]
Apr 11 18:46:31 mark-mac kernel:   node   0: [mem 0x0000000bdef70000-0x0000000bdef7ffff]
Apr 11 18:46:31 mark-mac kernel:   node   0: [mem 0x0000000bdef80000-0x0000000bdf043fff]
Apr 11 18:46:31 mark-mac kernel:   node   0: [mem 0x0000000be20dc000-0x0000000be61fbfff]
Apr 11 18:46:31 mark-mac kernel:   node   0: [mem 0x0000000bfff74000-0x0000000bfffbbfff]
Apr 11 18:46:31 mark-mac kernel: Initmem setup node 0 [mem 0x0000000801ed8000-0x0000000bfffbbfff]
Apr 11 18:46:31 mark-mac kernel: On node 0, zone DMA: 1974 pages in unavailable ranges
Apr 11 18:46:31 mark-mac kernel: On node 0, zone DMA: 3110 pages in unavailable ranges
Apr 11 18:46:31 mark-mac kernel: On node 0, zone DMA: 10078 pages in unavailable ranges
Apr 11 18:46:31 mark-mac kernel: On node 0, zone DMA: 17 pages in unavailable ranges
Apr 11 18:46:31 mark-mac kernel: cma: Reserved 64 MiB at 0x000000080a000000
Apr 11 18:46:31 mark-mac kernel: percpu: Embedded 6 pages/cpu s45480 r8192 d44632 u98304
Apr 11 18:46:31 mark-mac kernel: pcpu-alloc: s45480 r8192 d44632 u98304 alloc=6*16384
Apr 11 18:46:31 mark-mac kernel: pcpu-alloc: [0] 0 [0] 1 [0] 2 [0] 3 [0] 4 [0] 5 [0] 6 [0] 7 
Apr 11 18:46:31 mark-mac kernel: Detected VIPT I-cache on CPU0
Apr 11 18:46:31 mark-mac kernel: CPU features: detected: Address authentication (IMP DEF algorithm)
Apr 11 18:46:31 mark-mac kernel: CPU features: detected: Virtualization Host Extensions
Apr 11 18:46:31 mark-mac kernel: CPU features: detected: Spectre-v4
Apr 11 18:46:31 mark-mac kernel: alternatives: applying boot alternatives
Apr 11 18:46:31 mark-mac kernel: Built 1 zonelists, mobility grouping on.  Total pages: 1012924
Apr 11 18:46:31 mark-mac kernel: Kernel command line: BOOT_IMAGE=/boot/vmlinuz-linux-asahi-edge root=UUID=8987e508-af5d-4dc1-be0d-cb41571c841b rw loglevel=3 quiet
Apr 11 18:46:31 mark-mac kernel: Unknown kernel command line parameters "BOOT_IMAGE=/boot/vmlinuz-linux-asahi-edge", will be passed to user space.
Apr 11 18:46:31 mark-mac kernel: Dentry cache hash table entries: 2097152 (order: 10, 16777216 bytes, linear)
Apr 11 18:46:31 mark-mac kernel: Inode-cache hash table entries: 1048576 (order: 9, 8388608 bytes, linear)
Apr 11 18:46:31 mark-mac kernel: mem auto-init: stack:off, heap alloc:off, heap free:off
Apr 11 18:46:31 mark-mac kernel: Memory: 16010768K/16272208K available (12160K kernel code, 1624K rwdata, 4480K rodata, 2240K init, 630K bss, 195904K reserved, 65536K cma-reserved)
Apr 11 18:46:31 mark-mac kernel: SLUB: HWalign=64, Order=0-3, MinObjects=0, CPUs=8, Nodes=1
Apr 11 18:46:31 mark-mac kernel: Dynamic Preempt: full
Apr 11 18:46:31 mark-mac kernel: rcu: Preemptible hierarchical RCU implementation.
Apr 11 18:46:31 mark-mac kernel: rcu:         RCU restricting CPUs from NR_CPUS=64 to nr_cpu_ids=8.
Apr 11 18:46:31 mark-mac kernel:         Trampoline variant of Tasks RCU enabled.
Apr 11 18:46:31 mark-mac kernel:         Tracing variant of Tasks RCU enabled.
Apr 11 18:46:31 mark-mac kernel: rcu: RCU calculated value of scheduler-enlistment delay is 100 jiffies.
Apr 11 18:46:31 mark-mac kernel: rcu: Adjusting geometry for rcu_fanout_leaf=16, nr_cpu_ids=8
Apr 11 18:46:31 mark-mac kernel: NR_IRQS: 64, nr_irqs: 64, preallocated irqs: 0
Apr 11 18:46:31 mark-mac kernel: Root IRQ handler: aic_handle_irq
Apr 11 18:46:31 mark-mac kernel: Root FIQ handler: aic_handle_fiq
Apr 11 18:46:31 mark-mac kernel: irq_apple_aic: Using Fast IPIs
Apr 11 18:46:31 mark-mac kernel: irq_apple_aic: Initialized with 896/1024 IRQs * 1/1 die(s), 6 FIQs, 32 vIPIs
Apr 11 18:46:31 mark-mac kernel: rcu: srcu_init: Setting srcu_struct sizes based on contention.
Apr 11 18:46:31 mark-mac kernel: arch_timer: cp15 timer(s) running at 24.00MHz (phys).
Apr 11 18:46:31 mark-mac kernel: clocksource: arch_sys_counter: mask: 0xffffffffffffff max_cycles: 0x588fe9dc0, max_idle_ns: 440795202592 ns
Apr 11 18:46:31 mark-mac kernel: sched_clock: 56 bits at 24MHz, resolution 41ns, wraps every 4398046511097ns
Apr 11 18:46:31 mark-mac kernel: Console: colour dummy device 80x25
Apr 11 18:46:31 mark-mac kernel: printk: console [tty0] enabled
Apr 11 18:46:31 mark-mac kernel: Calibrating delay loop (skipped), value calculated using timer frequency.. 48.00 BogoMIPS (lpj=24000)
Apr 11 18:46:31 mark-mac kernel: pid_max: default: 32768 minimum: 301
Apr 11 18:46:31 mark-mac kernel: LSM: initializing lsm=capability,yama,apparmor
Apr 11 18:46:31 mark-mac kernel: Yama: becoming mindful.
Apr 11 18:46:31 mark-mac kernel: AppArmor: AppArmor initialized
Apr 11 18:46:31 mark-mac kernel: Mount-cache hash table entries: 32768 (order: 4, 262144 bytes, linear)
Apr 11 18:46:31 mark-mac kernel: Mountpoint-cache hash table entries: 32768 (order: 4, 262144 bytes, linear)
Apr 11 18:46:31 mark-mac kernel: cblist_init_generic: Setting adjustable number of callback queues.
Apr 11 18:46:31 mark-mac kernel: cblist_init_generic: Setting shift to 3 and lim to 1.
Apr 11 18:46:31 mark-mac kernel: cblist_init_generic: Setting shift to 3 and lim to 1.
Apr 11 18:46:31 mark-mac kernel: rcu: Hierarchical SRCU implementation.
Apr 11 18:46:31 mark-mac kernel: rcu:         Max phase no-delay instances is 400.
Apr 11 18:46:31 mark-mac kernel: Remapping and enabling EFI services.
Apr 11 18:46:31 mark-mac kernel: smp: Bringing up secondary CPUs ...
Apr 11 18:46:31 mark-mac kernel: Detected VIPT I-cache on CPU1
Apr 11 18:46:31 mark-mac kernel: CPU1: Booted secondary processor 0x0000000001 [0x611f0221]
Apr 11 18:46:31 mark-mac kernel: Detected VIPT I-cache on CPU2
Apr 11 18:46:31 mark-mac kernel: CPU2: Booted secondary processor 0x0000000002 [0x611f0221]
Apr 11 18:46:31 mark-mac kernel: Detected VIPT I-cache on CPU3
Apr 11 18:46:31 mark-mac kernel: CPU3: Booted secondary processor 0x0000000003 [0x611f0221]
Apr 11 18:46:31 mark-mac kernel: Detected VIPT I-cache on CPU4
Apr 11 18:46:31 mark-mac kernel: CPU4: Booted secondary processor 0x0000010100 [0x611f0231]
Apr 11 18:46:31 mark-mac kernel: Detected VIPT I-cache on CPU5
Apr 11 18:46:31 mark-mac kernel: CPU5: Booted secondary processor 0x0000010101 [0x611f0231]
Apr 11 18:46:31 mark-mac kernel: Detected VIPT I-cache on CPU6
Apr 11 18:46:31 mark-mac kernel: CPU6: Booted secondary processor 0x0000010102 [0x611f0231]
Apr 11 18:46:31 mark-mac kernel: Detected VIPT I-cache on CPU7
Apr 11 18:46:31 mark-mac kernel: CPU7: Booted secondary processor 0x0000010103 [0x611f0231]
Apr 11 18:46:31 mark-mac kernel: smp: Brought up 1 node, 8 CPUs
Apr 11 18:46:31 mark-mac kernel: SMP: Total of 8 processors activated.
Apr 11 18:46:31 mark-mac kernel: CPU features: detected: ARMv8.4 Translation Table Level
Apr 11 18:46:31 mark-mac kernel: CPU features: detected: Data cache clean to the PoU not required for I/D coherence
Apr 11 18:46:31 mark-mac kernel: CPU features: detected: Common not Private translations
Apr 11 18:46:31 mark-mac kernel: CPU features: detected: CRC32 instructions
Apr 11 18:46:31 mark-mac kernel: CPU features: detected: Data independent timing control (DIT)
Apr 11 18:46:31 mark-mac kernel: CPU features: detected: E0PD
Apr 11 18:46:31 mark-mac kernel: CPU features: detected: Generic authentication (IMP DEF algorithm)
Apr 11 18:46:31 mark-mac kernel: CPU features: detected: RCpc load-acquire (LDAPR)
Apr 11 18:46:31 mark-mac kernel: CPU features: detected: LSE atomic instructions
Apr 11 18:46:31 mark-mac kernel: CPU features: detected: Privileged Access Never
Apr 11 18:46:31 mark-mac kernel: CPU features: detected: RAS Extension Support
Apr 11 18:46:31 mark-mac kernel: CPU features: detected: Speculation barrier (SB)
Apr 11 18:46:31 mark-mac kernel: CPU features: detected: Stage-2 Force Write-Back
Apr 11 18:46:31 mark-mac kernel: CPU features: detected: TLB range maintenance instructions
Apr 11 18:46:31 mark-mac kernel: CPU features: detected: Speculative Store Bypassing Safe (SSBS)
Apr 11 18:46:31 mark-mac kernel: CPU: All CPU(s) started at EL2
Apr 11 18:46:31 mark-mac kernel: alternatives: applying system-wide alternatives
Apr 11 18:46:31 mark-mac kernel: devtmpfs: initialized
Apr 11 18:46:31 mark-mac kernel: clocksource: jiffies: mask: 0xffffffff max_cycles: 0xffffffff, max_idle_ns: 1911260446275000 ns
Apr 11 18:46:31 mark-mac kernel: futex hash table entries: 2048 (order: 3, 131072 bytes, linear)
Apr 11 18:46:31 mark-mac kernel: pinctrl core: initialized pinctrl subsystem
Apr 11 18:46:31 mark-mac kernel: DMI not present or invalid.
Apr 11 18:46:31 mark-mac kernel: NET: Registered PF_NETLINK/PF_ROUTE protocol family
Apr 11 18:46:31 mark-mac kernel: DMA: preallocated 2048 KiB GFP_KERNEL pool for atomic allocations
Apr 11 18:46:31 mark-mac kernel: DMA: preallocated 2048 KiB GFP_KERNEL|GFP_DMA pool for atomic allocations
Apr 11 18:46:31 mark-mac kernel: DMA: preallocated 2048 KiB GFP_KERNEL|GFP_DMA32 pool for atomic allocations
Apr 11 18:46:31 mark-mac kernel: audit: initializing netlink subsys (disabled)
Apr 11 18:46:31 mark-mac kernel: audit: type=2000 audit(0.005:1): state=initialized audit_enabled=0 res=1
Apr 11 18:46:31 mark-mac kernel: thermal_sys: Registered thermal governor 'fair_share'
Apr 11 18:46:31 mark-mac kernel: thermal_sys: Registered thermal governor 'bang_bang'
Apr 11 18:46:31 mark-mac kernel: thermal_sys: Registered thermal governor 'step_wise'
Apr 11 18:46:31 mark-mac kernel: thermal_sys: Registered thermal governor 'user_space'
Apr 11 18:46:31 mark-mac kernel: thermal_sys: Registered thermal governor 'power_allocator'
Apr 11 18:46:31 mark-mac kernel: cpuidle: using governor ladder
Apr 11 18:46:31 mark-mac kernel: cpuidle: using governor menu
Apr 11 18:46:31 mark-mac kernel: hw-breakpoint: found 6 breakpoint and 4 watchpoint registers.
Apr 11 18:46:31 mark-mac kernel: ASID allocator initialised with 256 entries
Apr 11 18:46:31 mark-mac kernel: HugeTLB: registered 1.00 GiB page size, pre-allocated 0 pages
Apr 11 18:46:31 mark-mac kernel: HugeTLB: 4080 KiB vmemmap can be freed for a 1.00 GiB page
Apr 11 18:46:31 mark-mac kernel: HugeTLB: registered 32.0 MiB page size, pre-allocated 0 pages
Apr 11 18:46:31 mark-mac kernel: HugeTLB: 112 KiB vmemmap can be freed for a 32.0 MiB page
Apr 11 18:46:31 mark-mac kernel: HugeTLB: registered 2.00 MiB page size, pre-allocated 0 pages
Apr 11 18:46:31 mark-mac kernel: HugeTLB: 0 KiB vmemmap can be freed for a 2.00 MiB page
Apr 11 18:46:31 mark-mac kernel: cryptd: max_cpu_qlen set to 1000
Apr 11 18:46:31 mark-mac kernel: iommu: Default domain type: Translated 
Apr 11 18:46:31 mark-mac kernel: iommu: DMA domain TLB invalidation policy: strict mode 
Apr 11 18:46:31 mark-mac kernel: SCSI subsystem initialized
Apr 11 18:46:31 mark-mac kernel: usbcore: registered new interface driver usbfs
Apr 11 18:46:31 mark-mac kernel: usbcore: registered new interface driver hub
Apr 11 18:46:31 mark-mac kernel: usbcore: registered new device driver usb
Apr 11 18:46:31 mark-mac kernel: pps_core: LinuxPPS API ver. 1 registered
Apr 11 18:46:31 mark-mac kernel: pps_core: Software ver. 5.3.6 - Copyright 2005-2007 Rodolfo Giometti <giometti@linux.it>
Apr 11 18:46:31 mark-mac kernel: Registered efivars operations
Apr 11 18:46:31 mark-mac kernel: Advanced Linux Sound Architecture Driver Initialized.
Apr 11 18:46:31 mark-mac kernel: NetLabel: Initializing
Apr 11 18:46:31 mark-mac kernel: NetLabel:  domain hash size = 128
Apr 11 18:46:31 mark-mac kernel: NetLabel:  protocols = UNLABELED CIPSOv4 CALIPSO
Apr 11 18:46:31 mark-mac kernel: NetLabel:  unlabeled traffic allowed by default
Apr 11 18:46:31 mark-mac kernel: vgaarb: loaded
Apr 11 18:46:31 mark-mac kernel: clocksource: Switched to clocksource arch_sys_counter
Apr 11 18:46:31 mark-mac kernel: VFS: Disk quotas dquot_6.6.0
Apr 11 18:46:31 mark-mac kernel: VFS: Dquot-cache hash table entries: 2048 (order 0, 16384 bytes)
Apr 11 18:46:31 mark-mac kernel: AppArmor: AppArmor Filesystem Enabled
Apr 11 18:46:31 mark-mac kernel: NET: Registered PF_INET protocol family
Apr 11 18:46:31 mark-mac kernel: IP idents hash table entries: 262144 (order: 7, 2097152 bytes, linear)
Apr 11 18:46:31 mark-mac kernel: tcp_listen_portaddr_hash hash table entries: 8192 (order: 3, 131072 bytes, linear)
Apr 11 18:46:31 mark-mac kernel: Table-perturb hash table entries: 65536 (order: 4, 262144 bytes, linear)
Apr 11 18:46:31 mark-mac kernel: TCP established hash table entries: 131072 (order: 6, 1048576 bytes, linear)
Apr 11 18:46:31 mark-mac kernel: TCP bind hash table entries: 65536 (order: 7, 2097152 bytes, linear)
Apr 11 18:46:31 mark-mac kernel: TCP: Hash tables configured (established 131072 bind 65536)
Apr 11 18:46:31 mark-mac kernel: MPTCP token hash table entries: 16384 (order: 4, 393216 bytes, linear)
Apr 11 18:46:31 mark-mac kernel: UDP hash table entries: 8192 (order: 4, 262144 bytes, linear)
Apr 11 18:46:31 mark-mac kernel: UDP-Lite hash table entries: 8192 (order: 4, 262144 bytes, linear)
Apr 11 18:46:31 mark-mac kernel: NET: Registered PF_UNIX/PF_LOCAL protocol family
Apr 11 18:46:31 mark-mac kernel: RPC: Registered named UNIX socket transport module.
Apr 11 18:46:31 mark-mac kernel: RPC: Registered udp transport module.
Apr 11 18:46:31 mark-mac kernel: RPC: Registered tcp transport module.
Apr 11 18:46:31 mark-mac kernel: RPC: Registered tcp NFSv4.1 backchannel transport module.
Apr 11 18:46:31 mark-mac kernel: PCI: CLS 0 bytes, default 64
Apr 11 18:46:31 mark-mac kernel: Trying to unpack rootfs image as initramfs...
Apr 11 18:46:31 mark-mac kernel: kvm [1]: IPA Size Limit: 36 bits (Reduced IPA size, limited VM/VMM compatibility)
Apr 11 18:46:31 mark-mac kernel: kvm [1]: Non-architectural vgic, tainting kernel
Apr 11 18:46:31 mark-mac kernel: kvm [1]: GICv3: no GICV resource entry
Apr 11 18:46:31 mark-mac kernel: kvm [1]: disabling GICv2 emulation
Apr 11 18:46:31 mark-mac kernel: kvm [1]: GICv3 with broken locally generated SEI
Apr 11 18:46:31 mark-mac kernel: kvm [1]: GICv3 sysreg trapping enabled ([G0G1D], reduced performance)
Apr 11 18:46:31 mark-mac kernel: kvm [1]: GIC system register CPU interface enabled
Apr 11 18:46:31 mark-mac kernel: kvm [1]: VHE mode initialized successfully
Apr 11 18:46:31 mark-mac kernel: Initialise system trusted keyrings
Apr 11 18:46:31 mark-mac kernel: workingset: timestamp_bits=46 max_order=20 bucket_order=0
Apr 11 18:46:31 mark-mac kernel: zbud: loaded
Apr 11 18:46:31 mark-mac kernel: NFS: Registering the id_resolver key type
Apr 11 18:46:31 mark-mac kernel: Key type id_resolver registered
Apr 11 18:46:31 mark-mac kernel: Key type id_legacy registered
Apr 11 18:46:31 mark-mac kernel: nfs4filelayout_init: NFSv4 File Layout Driver Registering...
Apr 11 18:46:31 mark-mac kernel: nfs4flexfilelayout_init: NFSv4 Flexfile Layout Driver Registering...
Apr 11 18:46:31 mark-mac kernel: NET: Registered PF_ALG protocol family
Apr 11 18:46:31 mark-mac kernel: Key type asymmetric registered
Apr 11 18:46:31 mark-mac kernel: Asymmetric key parser 'x509' registered
Apr 11 18:46:31 mark-mac kernel: Asymmetric key parser 'pkcs8' registered
Apr 11 18:46:31 mark-mac kernel: Freeing initrd memory: 7888K
Apr 11 18:46:31 mark-mac kernel: Block layer SCSI generic (bsg) driver version 0.4 loaded (major 250)
Apr 11 18:46:31 mark-mac kernel: io scheduler mq-deadline registered
Apr 11 18:46:31 mark-mac kernel: io scheduler kyber registered
Apr 11 18:46:31 mark-mac kernel: io scheduler bfq registered
Apr 11 18:46:31 mark-mac kernel: 235200000.serial: ttySAC0 at MMIO 0x235200000 (irq = 43, base_baud = 0) is a APPLE S5L
Apr 11 18:46:31 mark-mac kernel: 235208000.serial: ttySAC2 at MMIO 0x235208000 (irq = 44, base_baud = 0) is a APPLE S5L
Apr 11 18:46:31 mark-mac kernel: mousedev: PS/2 mouse device common for all mice
Apr 11 18:46:31 mark-mac kernel: device-mapper: uevent: version 1.0.3
Apr 11 18:46:31 mark-mac kernel: device-mapper: ioctl: 4.47.0-ioctl (2022-07-28) initialised: dm-devel@redhat.com
Apr 11 18:46:31 mark-mac kernel: ledtrig-cpu: registered to indicate activity on CPUs
Apr 11 18:46:31 mark-mac kernel: hid: raw HID events driver (C) Jiri Kosina
Apr 11 18:46:31 mark-mac kernel: hw perfevents: enabled with apple_icestorm_pmu PMU driver, 10 counters available
Apr 11 18:46:31 mark-mac kernel: hw perfevents: enabled with apple_firestorm_pmu PMU driver, 10 counters available
Apr 11 18:46:31 mark-mac kernel: Initializing XFRM netlink socket
Apr 11 18:46:31 mark-mac kernel: NET: Registered PF_INET6 protocol family
Apr 11 18:46:31 mark-mac kernel: Segment Routing with IPv6
Apr 11 18:46:31 mark-mac kernel: In-situ OAM (IOAM) with IPv6
Apr 11 18:46:31 mark-mac kernel: mip6: Mobile IPv6
Apr 11 18:46:31 mark-mac kernel: NET: Registered PF_PACKET protocol family
Apr 11 18:46:31 mark-mac kernel: Key type dns_resolver registered
Apr 11 18:46:31 mark-mac kernel: registered taskstats version 1
Apr 11 18:46:31 mark-mac kernel: Loading compiled-in X.509 certificates
Apr 11 18:46:31 mark-mac kernel: zswap: loaded using pool lzo/zbud
Apr 11 18:46:31 mark-mac kernel: Key type .fscrypt registered
Apr 11 18:46:31 mark-mac kernel: Key type fscrypt-provisioning registered
Apr 11 18:46:31 mark-mac kernel: Key type encrypted registered
Apr 11 18:46:31 mark-mac kernel: AppArmor: AppArmor sha1 policy hashing enabled
Apr 11 18:46:31 mark-mac kernel: [drm] Initialized simpledrm 1.0.0 20200625 for be20dc000.framebuffer on minor 0
Apr 11 18:46:31 mark-mac kernel: Console: switching to colour frame buffer device 160x50
Apr 11 18:46:31 mark-mac kernel: simple-framebuffer be20dc000.framebuffer: [drm] fb0: simpledrmdrmfb frame buffer device
Apr 11 18:46:31 mark-mac kernel: ALSA device list:
Apr 11 18:46:31 mark-mac kernel:   No soundcards found.
Apr 11 18:46:31 mark-mac kernel: Freeing unused kernel memory: 2240K
Apr 11 18:46:31 mark-mac kernel: Checked W+X mappings: passed, no W+X pages found
Apr 11 18:46:31 mark-mac kernel: Run /init as init process
Apr 11 18:46:31 mark-mac kernel:   with arguments:
Apr 11 18:46:31 mark-mac kernel:     /init
Apr 11 18:46:31 mark-mac kernel:   with environment:
Apr 11 18:46:31 mark-mac kernel:     HOME=/
Apr 11 18:46:31 mark-mac kernel:     TERM=linux
Apr 11 18:46:31 mark-mac kernel:     BOOT_IMAGE=/boot/vmlinuz-linux-asahi-edge
Apr 11 18:46:31 mark-mac kernel: nvme-apple 27bcc0000.nvme: RTKit: Initializing (protocol version 12)
Apr 11 18:46:31 mark-mac kernel: nvme-apple 27bcc0000.nvme: RTKit: Unknown system endpoint: 0x0a
Apr 11 18:46:31 mark-mac kernel: nvme-apple 27bcc0000.nvme: RTKit: syslog message: cmd.c:6074:  boot mode normal
Apr 11 18:46:31 mark-mac kernel:  nvme0n1: p1 p2 p3 p4 p5 p6
Apr 11 18:46:31 mark-mac kernel: FAT-fs (nvme0n1p4): Volume was not properly unmounted. Some data may be corrupt. Please run fsck.
Apr 11 18:46:31 mark-mac kernel: apple-dart 231304000.iommu: DART [pagesize 4000, 16 streams, bypass support: 1, bypass forced: 0, locked: 1] initialized
Apr 11 18:46:31 mark-mac kernel: apple-dart 23130c000.iommu: DART [pagesize 4000, 16 streams, bypass support: 1, bypass forced: 0, locked: 1] initialized
Apr 11 18:46:31 mark-mac kernel: apple-dart 235004000.iommu: DART [pagesize 4000, 16 streams, bypass support: 1, bypass forced: 0, locked: 0] initialized
Apr 11 18:46:31 mark-mac kernel: apple-dart 382f00000.iommu: DART [pagesize 4000, 16 streams, bypass support: 1, bypass forced: 0, locked: 0] initialized
Apr 11 18:46:31 mark-mac kernel: apple-dart 382f80000.iommu: DART [pagesize 4000, 16 streams, bypass support: 1, bypass forced: 0, locked: 0] initialized
Apr 11 18:46:31 mark-mac kernel: apple-dart 502f00000.iommu: DART [pagesize 4000, 16 streams, bypass support: 1, bypass forced: 0, locked: 0] initialized
Apr 11 18:46:31 mark-mac kernel: apple-dart 502f80000.iommu: DART [pagesize 4000, 16 streams, bypass support: 1, bypass forced: 0, locked: 0] initialized
Apr 11 18:46:31 mark-mac kernel: apple-dart 681008000.iommu: DART [pagesize 4000, 16 streams, bypass support: 0, bypass forced: 0, locked: 0] initialized
Apr 11 18:46:31 mark-mac kernel: apple-gpio-pinctrl 23c100000.pinctrl: No cache defaults, reading back from HW
Apr 11 18:46:31 mark-mac kernel: apple-gpio-pinctrl 23d1f0000.pinctrl: No cache defaults, reading back from HW
Apr 11 18:46:31 mark-mac kernel: macsmc-rtkit 23e400000.smc: RTKit: Initializing (protocol version 12)
Apr 11 18:46:31 mark-mac kernel: apple-gpio-pinctrl 23e820000.pinctrl: No cache defaults, reading back from HW
Apr 11 18:46:31 mark-mac kernel: apple-gpio-pinctrl 24a820000.pinctrl: No cache defaults, reading back from HW
Apr 11 18:46:31 mark-mac kernel: macsmc-rtkit 23e400000.smc: Initialized (1444 keys #KEY (0x234b4559)..zSPp (0x7a535070))
Apr 11 18:46:31 mark-mac kernel: macsmc-gpio macsmc-gpio: First GPIO key: gP01 (0x67503031)
Apr 11 18:46:31 mark-mac kernel: dwc3 382280000.usb: Adding to iommu group 0
Apr 11 18:46:31 mark-mac kernel: gpio gpiochip4: (macsmc-pmu-gpio): not an immutable chip, please consider fixing it!
Apr 11 18:46:31 mark-mac kernel: macsmc-rtc macsmc-rtc: registered as rtc0
Apr 11 18:46:31 mark-mac kernel: macsmc-rtc macsmc-rtc: setting system clock to 1970-01-01T00:00:25 UTC (25)
Apr 11 18:46:31 mark-mac kernel: spi-hid-apple-of spi1.0: limiting the number of devices to mngt, kbd and mouse
Apr 11 18:46:31 mark-mac kernel: input: Apple Internal Keyboard / Trackpad Keyboard as /devices/platform/soc/23510c000.spi/spi_master/spi1/spi1.0/001C:05AC:0281.0001/input/input0
Apr 11 18:46:31 mark-mac kernel: hid-generic 001C:05AC:0281.0001: input,hidraw0: SPI HID v9.35 Keyboard [Apple Internal Keyboard / Trackpad] on spi1.0 (1)
Apr 11 18:46:31 mark-mac kernel: input: Apple Internal Keyboard / Trackpad Mouse as /devices/platform/soc/23510c000.spi/spi_master/spi1/spi1.0/001C:05AC:0281.0002/input/input2
Apr 11 18:46:31 mark-mac kernel: hid-generic 001C:05AC:0281.0002: input,hidraw1: SPI HID v9.35 Mouse [Apple Internal Keyboard / Trackpad] on spi1.0 (2)
Apr 11 18:46:31 mark-mac kernel: input: Apple Internal Keyboard / Trackpad as /devices/platform/soc/23510c000.spi/spi_master/spi1/spi1.0/001C:05AC:0281.0001/input/input5
Apr 11 18:46:31 mark-mac kernel: apple 001C:05AC:0281.0001: input,hidraw0: SPI HID v9.35 Keyboard [Apple Internal Keyboard / Trackpad] on spi1.0 (1)
Apr 11 18:46:31 mark-mac kernel: input: Apple Internal Keyboard / Trackpad as /devices/platform/soc/23510c000.spi/spi_master/spi1/spi1.0/001C:05AC:0281.0002/input/input6
Apr 11 18:46:31 mark-mac kernel: magicmouse 001C:05AC:0281.0002: input,hidraw1: SPI HID v9.35 Mouse [Apple Internal Keyboard / Trackpad] on spi1.0 (2)
Apr 11 18:46:31 mark-mac kernel: EXT4-fs (nvme0n1p5): mounted filesystem 8987e508-af5d-4dc1-be0d-cb41571c841b with ordered data mode. Quota mode: none.
Apr 11 18:46:31 mark-mac kernel: fuse: init (API version 7.38)
Apr 11 18:46:31 mark-mac kernel: loop: module loaded
Apr 11 18:46:31 mark-mac kernel: EXT4-fs (nvme0n1p5): re-mounted 8987e508-af5d-4dc1-be0d-cb41571c841b. Quota mode: none.
Apr 11 18:46:31 mark-mac kernel: EXT4-fs (nvme0n1p5): resizing filesystem from 18798592 to 18798592 blocks
Apr 11 18:46:31 mark-mac kernel: cfg80211: Loading compiled-in X.509 certificates for regulatory database
Apr 11 18:46:31 mark-mac kernel: apple-dcp 231c00000.dcp: Adding to iommu group 1
Apr 11 18:46:31 mark-mac kernel: cfg80211: Loaded X.509 cert 'sforshee: 00b28ddf47aef9cea7'
Apr 11 18:46:31 mark-mac kernel: platform regulatory.0: Direct firmware load for regulatory.db failed with error -2
Apr 11 18:46:31 mark-mac kernel: cfg80211: failed to load regulatory.db
Apr 11 18:46:31 mark-mac kernel: tas2770 1-0031: Property ti,imon-slot-no is missing setting default slot
Apr 11 18:46:31 mark-mac kernel: tas2770 1-0031: Property ti,vmon-slot-no is missing setting default slot
Apr 11 18:46:31 mark-mac kernel: tas2770 2-0034: Property ti,imon-slot-no is missing setting default slot
Apr 11 18:46:31 mark-mac kernel: tas2770 2-0034: Property ti,vmon-slot-no is missing setting default slot
Apr 11 18:46:31 mark-mac kernel: cs42l83 2-0048: supply VA not found, using dummy regulator
Apr 11 18:46:31 mark-mac kernel: cs42l83 2-0048: supply VP not found, using dummy regulator
Apr 11 18:46:31 mark-mac kernel: cs42l83 2-0048: supply VCP not found, using dummy regulator
Apr 11 18:46:31 mark-mac kernel: cs42l83 2-0048: supply VD_FILT not found, using dummy regulator
Apr 11 18:46:31 mark-mac kernel: cs42l83 2-0048: supply VL not found, using dummy regulator
Apr 11 18:46:31 mark-mac kernel: apple-admac 238200000.dma-controller: Adding to iommu group 2
Apr 11 18:46:31 mark-mac kernel: spi-nor spi0.0: mx25u6435f (8192 Kbytes)
Apr 11 18:46:31 mark-mac kernel: apple-admac 238200000.dma-controller: Audio DMA Controller
Apr 11 18:46:31 mark-mac kernel: apple-admac 238200000.dma-controller: imprint 2020130c TX cache 16384 RX cache 16384
Apr 11 18:46:31 mark-mac kernel: asahi 206400000.gpu: Probing...
Apr 11 18:46:31 mark-mac kernel: asahi 206400000.gpu: MMU: Initializing...
Apr 11 18:46:31 mark-mac kernel: asahi 206400000.gpu: MMU: Initializing kernel page table
Apr 11 18:46:31 mark-mac kernel: asahi 206400000.gpu: MMU: Creating kernel page tables
Apr 11 18:46:31 mark-mac kernel: asahi 206400000.gpu: MMU: Kernel page tables created
Apr 11 18:46:31 mark-mac kernel: 1 fixed-partitions partitions found on MTD device spi0.0
Apr 11 18:46:31 mark-mac kernel: Creating 1 MTD partitions on "spi0.0":
Apr 11 18:46:31 mark-mac kernel: 0x000000700000-0x000000720000 : "nvram"
Apr 11 18:46:31 mark-mac kernel: cs42l83 2-0048: Cirrus Logic CS42L83, Revision: B0
Apr 11 18:46:31 mark-mac kernel: asahi 206400000.gpu: MMU: Initializing TTBs
Apr 11 18:46:31 mark-mac kernel: asahi 206400000.gpu: MMU: initialized
Apr 11 18:46:31 mark-mac kernel: asahi 206400000.gpu: GPU ID registers: 0x4021100 0x40a04 0x30808 0x40404 0x1320300 0x101311
Apr 11 18:46:31 mark-mac kernel: asahi 206400000.gpu: Core mask: 0xff
Apr 11 18:46:31 mark-mac kernel: asahi 206400000.gpu: GPU Information:
Apr 11 18:46:31 mark-mac kernel: asahi 206400000.gpu:   Type: G13G
Apr 11 18:46:31 mark-mac kernel: asahi 206400000.gpu:   Max dies: 1
Apr 11 18:46:31 mark-mac kernel: asahi 206400000.gpu:   Clusters: 1
Apr 11 18:46:31 mark-mac kernel: asahi 206400000.gpu:   Cores: 8 (8)
Apr 11 18:46:31 mark-mac kernel: asahi 206400000.gpu:   Frags: 8 (8)
Apr 11 18:46:31 mark-mac kernel: asahi 206400000.gpu:   GPs: 4 (4)
Apr 11 18:46:31 mark-mac kernel: asahi 206400000.gpu:   Core masks: [
                                     0xff,
                                 ]
Apr 11 18:46:31 mark-mac kernel: asahi 206400000.gpu:   Active cores: 8
Apr 11 18:46:31 mark-mac kernel: asahi 206400000.gpu: Getting configuration from device tree...
Apr 11 18:46:31 mark-mac kernel: asahi 206400000.gpu: Dynamic configuration fetched
Apr 11 18:46:31 mark-mac kernel: asahi 206400000.gpu: MMU: IO map: 0x204d00000:0x1c000 -> 0xffffffaf00014000
Apr 11 18:46:31 mark-mac kernel: asahi 206400000.gpu: MMU: IO map: 0x20e100000:0x4000 -> 0xffffffaf00034000
Apr 11 18:46:31 mark-mac kernel: asahi 206400000.gpu: MMU: IO map: 0x23b104000:0x4000 -> 0xffffffaf0003c000
Apr 11 18:46:31 mark-mac kernel: asahi 206400000.gpu: MMU: IO map: 0x204000000:0x20000 -> 0xffffffaf00044000
Apr 11 18:46:31 mark-mac kernel: asahi 206400000.gpu: MMU: IO map: 0x23b2e8000:0x4000 -> 0xffffffaf00068000
Apr 11 18:46:31 mark-mac kernel: asahi 206400000.gpu: MMU: IO map: 0x23bc00000:0x4000 -> 0xffffffaf00070000
Apr 11 18:46:31 mark-mac kernel: asahi 206400000.gpu: MMU: IO map: 0x204d80000:0x8000 -> 0xffffffaf00078000
Apr 11 18:46:31 mark-mac kernel: asahi 206400000.gpu: MMU: IO map: 0x204d60000:0x4000 -> 0xffffffaf00084000
Apr 11 18:46:31 mark-mac kernel: asahi 206400000.gpu: MMU: IO map: 0x200000000:0xd8000 -> 0xffffffaf0008c000
Apr 11 18:46:31 mark-mac kernel: asahi 206400000.gpu: MMU: IO map: 0x23b738000:0x4000 -> 0xffffffaf00168000
Apr 11 18:46:31 mark-mac kernel: asahi 206400000.gpu: RTKit: Initializing (protocol version 12)
Apr 11 18:46:31 mark-mac kernel: asahi 206400000.gpu: FWLog: GFX Chinook-ASC4 FW cold booted! (Feb 21 2022 20:36:12)
Apr 11 18:46:31 mark-mac kernel: asahi 206400000.gpu: FWLog: G13 Firmware initializing
Apr 11 18:46:31 mark-mac kernel: asahi 206400000.gpu: FWLog: Build variant: G
Apr 11 18:46:31 mark-mac kernel: asahi 206400000.gpu: FWLog: Build version: B1
Apr 11 18:46:31 mark-mac kernel: [drm] Initialized asahi 0.0.0 20220831 for 206400000.gpu on minor 1
Apr 11 18:46:31 mark-mac kernel: asahi 206400000.gpu: Probed!
Apr 11 18:46:31 mark-mac kernel: input: Apple SMC power/lid events as /devices/platform/soc/23e400000.smc/macsmc-hid/input/input7
Apr 11 18:46:31 mark-mac kernel: apple,dcp-piodma soc:mapper@230000000: Adding to iommu group 3
Apr 11 18:46:31 mark-mac kernel: apple-drm soc:display-subsystem: Adding to iommu group 4
Apr 11 18:46:31 mark-mac kernel: apple-drm soc:display-subsystem: bound soc:mapper@230000000 (ops dcp_piodma_comp_ops [apple_piodma])
Apr 11 18:46:31 mark-mac kernel: apple-dcp 231c00000.dcp: RTKit: Initializing (protocol version 12)
Apr 11 18:46:31 mark-mac kernel: apple-dcp 231c00000.dcp: RTKit: Unknown system endpoint: 0x0a
Apr 11 18:46:31 mark-mac kernel: apple-dcp 231c00000.dcp: shmem_setup: iova: f00237000 -> pa: be6133000 -> iomem: ffff80000af63000
Apr 11 18:46:31 mark-mac kernel: apple-dcp 231c00000.dcp: shmem_setup: iova: fffffc000, buffer: ffff80000af44000
Apr 11 18:46:31 mark-mac kernel: apple-dcp 231c00000.dcp: shmem_setup: iova: fffff8000, buffer: ffff80000af58000
Apr 11 18:46:31 mark-mac kernel: apple-drm soc:display-subsystem: bound 231c00000.dcp (ops dcp_comp_ops [apple_dcp])
Apr 11 18:46:31 mark-mac kernel: Console: switching to colour dummy device 80x25
Apr 11 18:46:31 mark-mac kernel: pcie-apple 690000000.pcie: host bridge /soc/pcie@690000000 ranges:
Apr 11 18:46:31 mark-mac kernel: pcie-apple 690000000.pcie:      MEM 0x06a0000000..0x06bfffffff -> 0x06a0000000
Apr 11 18:46:31 mark-mac kernel: pcie-apple 690000000.pcie:      MEM 0x06c0000000..0x06ffffffff -> 0x00c0000000
Apr 11 18:46:31 mark-mac kernel: apple-dcp 231c00000.dcp: RTKit: syslog message: ap_link.c:289: shared memory dva: 0xfffe00000 0xffffffff000e7000
Apr 11 18:46:31 mark-mac kernel: apple-dcp 231c00000.dcp: RTKit: syslog message: ap_link.c:266: ap_link: IOMFB: DCP heap size: 0x1030000 [iBoot:0x1030000] [LinkService:0x0]
                                 
Apr 11 18:46:31 mark-mac kernel: apple-dcp 231c00000.dcp: RTKit: syslog message: nifiedPipeline.cpp:3684: IOMFB: Could not find Backlight service
Apr 11 18:46:31 mark-mac kernel: apple-dcp 231c00000.dcp: RTKit: syslog message: nifiedPipeline.cpp:1642: virtual bool UnifiedPipeline::start_ios_gated(): Created AP Services
Apr 11 18:46:31 mark-mac kernel: apple-dcp 231c00000.dcp: RTKit: syslog message: nifiedPipeline.cpp:1646: virtual bool UnifiedPipeline::start_ios_gated(): trigger pending HPD notification
Apr 11 18:46:31 mark-mac kernel: apple-dcp 231c00000.dcp: dcp_hotplug: connected: 1
Apr 11 18:46:31 mark-mac kernel: apple-dcp 231c00000.dcp: RTKit: syslog message: nifiedPipeline.cpp:1652: virtual bool UnifiedPipeline::start_ios_gated(): Flushed RTPs
Apr 11 18:46:31 mark-mac kernel: apple-dcp 231c00000.dcp: RTKit: syslog message: UPPipeDCP_H13P.cpp:8146: IOMFB updateFrequencies: minimum-frequency property not found, using getClockFrequency(0) instead.
Apr 11 18:46:31 mark-mac kernel: apple-dcp 231c00000.dcp: RTKit: syslog message: UPPipeDCP_H13P.cpp:8146: IOMFB updateFrequencies: minimum-frequency property not found, using getClockFrequency(0) instead.
Apr 11 18:46:31 mark-mac kernel: apple-dcp 231c00000.dcp: RTKit: syslog message: UPPipeDCP_H13P.cpp:7498: set_run_mode_safe: deferring: 2 -> 4
Apr 11 18:46:31 mark-mac kernel: apple-dcp 231c00000.dcp: RTKit: syslog message: UPPipeDCP_H13P.cpp:7403: virtual IOMFBStatus IOMFB::UPPipeDCP_H13P::ready_for_run_mode_change(IOMFB::AppleRegisterStream *): initiating deferred run mod
Apr 11 18:46:31 mark-mac kernel: apple-dcp 231c00000.dcp: RTKit: syslog message: M3Hal_v1.cpp:196: IOMFB: load APT M3 IMem : size 0x7178
Apr 11 18:46:31 mark-mac kernel: apple-dcp 231c00000.dcp: RTKit: syslog message: M3Hal_v1.cpp:196: IOMFB: load APT M3 DMem : size 0x6e04
Apr 11 18:46:31 mark-mac kernel: apple-dcp 231c00000.dcp: RTKit: syslog message: CAHandler.cpp:163: IOMFB load_ca_data: Unrecognized data version 0 (expected 1 or 2)
Apr 11 18:46:31 mark-mac kernel: apple-dcp 231c00000.dcp: RTKit: syslog message: UPPipe.cpp:3456: IOMFB read_pmu_data_sync: pmu ram read error (e00800d8)
Apr 11 18:46:31 mark-mac kernel: apple-dcp 231c00000.dcp: RTKit: syslog message: PPipeDCP_H13P.cpp:10100: IOMFB Int RTBandwidth: program_M3_rt_config: Using Legacy, scratch 23b738014
Apr 11 18:46:31 mark-mac kernel: apple-dcp 231c00000.dcp: RTKit: syslog message: PPipeDCP_H13P.cpp:10120: IOMFB Int RTBandwidth: using legacy. Doorbell 23bc3c000, bit 2
Apr 11 18:46:31 mark-mac kernel: apple-dcp 231c00000.dcp: RTKit: syslog message: UPTSQManager.cpp:133: IOMFB: clearing M3 reset
Apr 11 18:46:31 mark-mac kernel: apple-dcp 231c00000.dcp: RTKit: syslog message: UPTSQ_Hal_v1.cpp:250: IOMFB: timebase_offset = 4
Apr 11 18:46:31 mark-mac kernel: macsmc-reboot macsmc-reboot: Handling reboot and poweroff requests via SMC
Apr 11 18:46:31 mark-mac kernel: apple-dcp 231c00000.dcp: RTKit: syslog message: UPTSQManager.cpp:105: IOMFB: switch to normal mode succeeded
Apr 11 18:46:31 mark-mac kernel: apple-dcp 231c00000.dcp: DCP booted
Apr 11 18:46:31 mark-mac kernel: apple-dcp 231c00000.dcp: DCP is_main_display: 1
Apr 11 18:46:31 mark-mac kernel: apple-dcp 231c00000.dcp: dcp_hotplug: connected: 1
Apr 11 18:46:31 mark-mac kernel: [drm] Initialized apple 1.0.0 20221106 for soc:display-subsystem on minor 2
Apr 11 18:46:31 mark-mac kernel: apple-dcp 231c00000.dcp: set_digital_out_mode(color:1 timing:2)
Apr 11 18:46:31 mark-mac kernel: apple-dcp 231c00000.dcp: RTKit: syslog message: nifiedPipeline.cpp:6548: set_digital_out_mode returned 8000000b
Apr 11 18:46:31 mark-mac kernel: Console: switching to colour frame buffer device 160x50
May 03 10:53:20 mark-mac kernel: apple-drm soc:display-subsystem: [drm] fb0: appledrmfb frame buffer device
May 03 10:53:20 mark-mac kernel: alg: No test for hmac(md4) (hmac(md4-generic))
May 03 10:53:20 mark-mac kernel: pcie-apple 690000000.pcie: Link up on /soc/pcie@690000000/pci@0,0
May 03 10:53:20 mark-mac kernel: pcie-apple 690000000.pcie: ECAM at [mem 0x690000000-0x690ffffff] for [bus 00-03]
May 03 10:53:20 mark-mac kernel: pcie-apple 690000000.pcie: PCI host bridge to bus 0000:00
May 03 10:53:20 mark-mac kernel: pci_bus 0000:00: root bus resource [bus 00-03]
May 03 10:53:20 mark-mac kernel: pci_bus 0000:00: root bus resource [mem 0x6a0000000-0x6bfffffff pref]
May 03 10:53:20 mark-mac kernel: pci_bus 0000:00: root bus resource [mem 0x6c0000000-0x6ffffffff] (bus address [0xc0000000-0xffffffff])
May 03 10:53:20 mark-mac kernel: pci 0000:00:00.0: [106b:100c] type 01 class 0x060400
May 03 10:53:20 mark-mac kernel: pci 0000:00:00.0: PME# supported from D0 D3hot D3cold
May 03 10:53:20 mark-mac kernel: pci 0000:00:00.0: bridge configuration invalid ([bus 00-00]), reconfiguring
May 03 10:53:20 mark-mac kernel: pci 0000:01:00.0: [14e4:4425] type 00 class 0x028000
May 03 10:53:20 mark-mac kernel: pci 0000:01:00.0: reg 0x10: [mem 0x00000000-0x0000ffff 64bit]
May 03 10:53:20 mark-mac kernel: pci 0000:01:00.0: reg 0x18: [mem 0x00000000-0x007fffff 64bit]
May 03 10:53:20 mark-mac kernel: pci 0000:01:00.0: supports D1 D2
May 03 10:53:20 mark-mac kernel: pci 0000:01:00.0: PME# supported from D0 D1 D2 D3hot D3cold
May 03 10:53:20 mark-mac kernel: pci 0000:01:00.1: [14e4:5f69] type 00 class 0x028000
May 03 10:53:20 mark-mac kernel: pci 0000:01:00.1: reg 0x10: [mem 0x00000000-0x00007fff 64bit]
May 03 10:53:20 mark-mac kernel: pci 0000:01:00.1: reg 0x18: [mem 0x00000000-0x003fffff 64bit]
May 03 10:53:20 mark-mac kernel: pci 0000:01:00.1: supports D1 D2
May 03 10:53:20 mark-mac kernel: pci 0000:01:00.1: PME# supported from D0 D1 D2 D3hot D3cold
May 03 10:53:20 mark-mac kernel: pci_bus 0000:01: busn_res: [bus 01-03] end is updated to 01
May 03 10:53:20 mark-mac kernel: pci 0000:00:00.0: BAR 14: assigned [mem 0x6c0000000-0x6c0dfffff]
May 03 10:53:20 mark-mac kernel: pci 0000:01:00.0: BAR 2: assigned [mem 0x6c0000000-0x6c07fffff 64bit]
May 03 10:53:20 mark-mac kernel: pci 0000:01:00.1: BAR 2: assigned [mem 0x6c0800000-0x6c0bfffff 64bit]
May 03 10:53:20 mark-mac kernel: pci 0000:01:00.0: BAR 0: assigned [mem 0x6c0c00000-0x6c0c0ffff 64bit]
May 03 10:53:20 mark-mac kernel: pci 0000:01:00.1: BAR 0: assigned [mem 0x6c0c10000-0x6c0c17fff 64bit]
May 03 10:53:20 mark-mac kernel: pci 0000:00:00.0: PCI bridge to [bus 01]
May 03 10:53:20 mark-mac kernel: pci 0000:00:00.0:   bridge window [mem 0x6c0000000-0x6c0dfffff]
May 03 10:53:20 mark-mac kernel: OF: /soc/pcie@690000000: no iommu-map translation for id 0x0 on (null)
May 03 10:53:20 mark-mac kernel: pcieport 0000:00:00.0: enabling device (0000 -> 0002)
May 03 10:53:20 mark-mac kernel: pcieport 0000:00:00.0: PME: Signaling with IRQ 96
May 03 10:53:20 mark-mac kernel: pcieport 0000:00:00.0: AER: enabled with IRQ 96
May 03 10:53:20 mark-mac kernel: usbcore: registered new interface driver brcmfmac
May 03 10:53:20 mark-mac kernel: brcmfmac 0000:01:00.0: Adding to iommu group 5
May 03 10:53:20 mark-mac kernel: brcmfmac 0000:01:00.0: enabling device (0000 -> 0002)
May 03 10:53:20 mark-mac kernel: Bluetooth: Core ver 2.22
May 03 10:53:20 mark-mac kernel: NET: Registered PF_BLUETOOTH protocol family
May 03 10:53:20 mark-mac kernel: Bluetooth: HCI device and connection manager initialized
May 03 10:53:20 mark-mac kernel: Bluetooth: HCI socket layer initialized
May 03 10:53:20 mark-mac kernel: Bluetooth: L2CAP socket layer initialized
May 03 10:53:20 mark-mac kernel: Bluetooth: SCO socket layer initialized
May 03 10:53:20 mark-mac kernel: leds_pwm led-controller: failed to read period for kbd_backlight, default to off
May 03 10:53:20 mark-mac kernel: hci_bcm4377 0000:01:00.1: Adding to iommu group 5
May 03 10:53:20 mark-mac kernel: snd-soc-macaudio sound: macaudio_probe!
May 03 10:53:20 mark-mac kernel: snd-soc-macaudio sound: adding routes for 'mca-i2s-2'
May 03 10:53:20 mark-mac kernel: input: MacBook Air J313 Headphone Jack as /devices/platform/sound/sound/card0/input8
May 03 10:53:20 mark-mac kernel: dwc3 502280000.usb: Adding to iommu group 6
May 03 10:53:20 mark-mac kernel: brcmfmac: brcmf_fw_alloc_request: using brcm/brcmfmac4378b1-pcie for chip BCM4378/3
May 03 10:53:20 mark-mac kernel: brcmfmac 0000:01:00.0: Direct firmware load for brcm/brcmfmac4378b1-pcie.apple,shikoku-RASP-m-6.11-X3.bin failed with error -2
May 03 10:53:20 mark-mac kernel: brcmfmac 0000:01:00.0: Direct firmware load for brcm/brcmfmac4378b1-pcie.apple,shikoku-RASP-m-6.11.bin failed with error -2
May 03 10:53:20 mark-mac kernel: brcmfmac 0000:01:00.0: Direct firmware load for brcm/brcmfmac4378b1-pcie.apple,shikoku-RASP-m.bin failed with error -2
May 03 10:53:20 mark-mac kernel: brcmfmac 0000:01:00.0: Direct firmware load for brcm/brcmfmac4378b1-pcie.apple,shikoku-RASP.bin failed with error -2
May 03 10:53:20 mark-mac kernel: brcmfmac 0000:01:00.0: Direct firmware load for brcm/brcmfmac4378b1-pcie.apple,shikoku-X3.bin failed with error -2
May 03 10:53:20 mark-mac kernel: hci_bcm4377 0000:01:00.1: enabling device (0000 -> 0002)
May 03 10:53:20 mark-mac kernel: brcmfmac_wcc: brcmf_wcc_attach: executing
May 03 10:53:20 mark-mac kernel: brcmfmac: brcmf_c_process_txcap_blob: TxCap blob found, loading
May 03 10:53:20 mark-mac kernel: brcmfmac: brcmf_c_process_cal_blob: Calibration blob provided by platform, loading
May 03 10:53:20 mark-mac kernel: xhci-hcd xhci-hcd.0.auto: xHCI Host Controller
May 03 10:53:20 mark-mac kernel: xhci-hcd xhci-hcd.0.auto: new USB bus registered, assigned bus number 1
May 03 10:53:20 mark-mac kernel: xhci-hcd xhci-hcd.0.auto: hcc params 0x0238ffcd hci version 0x110 quirks 0x0000000000010010
May 03 10:53:20 mark-mac kernel: xhci-hcd xhci-hcd.0.auto: irq 100, io mem 0x382280000
May 03 10:53:20 mark-mac kernel: xhci-hcd xhci-hcd.0.auto: xHCI Host Controller
May 03 10:53:20 mark-mac kernel: xhci-hcd xhci-hcd.0.auto: new USB bus registered, assigned bus number 2
May 03 10:53:20 mark-mac kernel: xhci-hcd xhci-hcd.0.auto: Host supports USB 3.1 Enhanced SuperSpeed
May 03 10:53:20 mark-mac kernel: usb usb1: New USB device found, idVendor=1d6b, idProduct=0002, bcdDevice= 6.02
May 03 10:53:20 mark-mac kernel: usb usb1: New USB device strings: Mfr=3, Product=2, SerialNumber=1
May 03 10:53:20 mark-mac kernel: usb usb1: Product: xHCI Host Controller
May 03 10:53:20 mark-mac kernel: usb usb1: Manufacturer: Linux 6.2.0-asahi-11-1-edge-ARCH xhci-hcd
May 03 10:53:20 mark-mac kernel: usb usb1: SerialNumber: xhci-hcd.0.auto
May 03 10:53:20 mark-mac kernel: hub 1-0:1.0: USB hub found
May 03 10:53:20 mark-mac kernel: hub 1-0:1.0: 1 port detected
May 03 10:53:20 mark-mac kernel: usb usb2: We don't know the algorithms for LPM for this host, disabling LPM.
May 03 10:53:20 mark-mac kernel: usb usb2: New USB device found, idVendor=1d6b, idProduct=0003, bcdDevice= 6.02
May 03 10:53:20 mark-mac kernel: usb usb2: New USB device strings: Mfr=3, Product=2, SerialNumber=1
May 03 10:53:20 mark-mac kernel: usb usb2: Product: xHCI Host Controller
May 03 10:53:20 mark-mac kernel: usb usb2: Manufacturer: Linux 6.2.0-asahi-11-1-edge-ARCH xhci-hcd
May 03 10:53:20 mark-mac kernel: usb usb2: SerialNumber: xhci-hcd.0.auto
May 03 10:53:20 mark-mac kernel: hub 2-0:1.0: USB hub found
May 03 10:53:20 mark-mac kernel: hub 2-0:1.0: 1 port detected
May 03 10:53:20 mark-mac kernel: brcmfmac: brcmf_c_preinit_dcmds: Firmware: BCM4378/3 wl0: Feb  8 2022 01:44:45 version 18.60.21.0.7.8.126 FWID 01-1cdae627
May 03 10:53:21 mark-mac kernel: Bluetooth: BNEP (Ethernet Emulation) ver 1.3
May 03 10:53:21 mark-mac kernel: Bluetooth: BNEP filters: protocol multicast
May 03 10:53:21 mark-mac kernel: Bluetooth: BNEP socket layer initialized
May 03 10:53:21 mark-mac kernel: Bluetooth: MGMT ver 1.22
May 03 10:53:21 mark-mac kernel: IPv6: ADDRCONF(NETDEV_CHANGE): wlan0: link becomes ready
May 03 10:53:27 mark-mac kernel:  Secondary: opening PCM device 'Secondary' with no audio route configured (bad settings applied to the sound card)
May 03 10:53:27 mark-mac kernel:  Secondary: ASoC: error at snd_soc_link_hw_params on Secondary: -22
May 03 10:53:27 mark-mac kernel:  Secondary: ASoC: error at __soc_pcm_hw_params on Secondary: -22
May 03 10:53:27 mark-mac kernel:  Secondary: ASoC: error at dpcm_fe_dai_hw_params on Secondary: -22
May 03 10:53:27 mark-mac kernel:  Secondary: opening PCM device 'Secondary' with no audio route configured (bad settings applied to the sound card)
May 03 10:53:27 mark-mac kernel:  Secondary: ASoC: error at snd_soc_link_hw_params on Secondary: -22
May 03 10:53:27 mark-mac kernel:  Secondary: ASoC: error at __soc_pcm_hw_params on Secondary: -22
May 03 10:53:27 mark-mac kernel:  Secondary: ASoC: error at dpcm_fe_dai_hw_params on Secondary: -22
May 03 10:53:27 mark-mac kernel:  Secondary: opening PCM device 'Secondary' with no audio route configured (bad settings applied to the sound card)
May 03 10:53:27 mark-mac kernel:  Secondary: ASoC: error at snd_soc_link_hw_params on Secondary: -22
May 03 10:53:27 mark-mac kernel:  Secondary: ASoC: error at __soc_pcm_hw_params on Secondary: -22
May 03 10:53:27 mark-mac kernel:  Secondary: ASoC: error at dpcm_fe_dai_hw_params on Secondary: -22
May 03 10:53:27 mark-mac kernel:  Secondary: opening PCM device 'Secondary' with no audio route configured (bad settings applied to the sound card)
May 03 10:53:27 mark-mac kernel:  Secondary: ASoC: error at snd_soc_link_hw_params on Secondary: -22
May 03 10:53:27 mark-mac kernel:  Secondary: ASoC: error at __soc_pcm_hw_params on Secondary: -22
May 03 10:53:27 mark-mac kernel:  Secondary: ASoC: error at dpcm_fe_dai_hw_params on Secondary: -22
May 03 10:53:27 mark-mac kernel:  Secondary: opening PCM device 'Secondary' with no audio route configured (bad settings applied to the sound card)
May 03 10:53:27 mark-mac kernel:  Secondary: ASoC: error at snd_soc_link_hw_params on Secondary: -22
May 03 10:53:27 mark-mac kernel:  Secondary: ASoC: error at __soc_pcm_hw_params on Secondary: -22
May 03 10:53:27 mark-mac kernel:  Secondary: ASoC: error at dpcm_fe_dai_hw_params on Secondary: -22
May 03 10:53:27 mark-mac kernel:  Secondary: opening PCM device 'Secondary' with no audio route configured (bad settings applied to the sound card)
May 03 10:53:27 mark-mac kernel:  Secondary: ASoC: error at snd_soc_link_hw_params on Secondary: -22
May 03 10:53:27 mark-mac kernel:  Secondary: ASoC: error at __soc_pcm_hw_params on Secondary: -22
May 03 10:53:27 mark-mac kernel:  Secondary: ASoC: error at dpcm_fe_dai_hw_params on Secondary: -22
May 03 10:53:27 mark-mac kernel:  Secondary: opening PCM device 'Secondary' with no audio route configured (bad settings applied to the sound card)
May 03 10:53:27 mark-mac kernel:  Secondary: ASoC: error at snd_soc_link_hw_params on Secondary: -22
May 03 10:53:27 mark-mac kernel:  Secondary: ASoC: error at __soc_pcm_hw_params on Secondary: -22
May 03 10:53:27 mark-mac kernel:  Secondary: ASoC: error at dpcm_fe_dai_hw_params on Secondary: -22
May 03 10:53:27 mark-mac kernel:  Secondary: opening PCM device 'Secondary' with no audio route configured (bad settings applied to the sound card)
May 03 10:53:27 mark-mac kernel:  Secondary: ASoC: error at snd_soc_link_hw_params on Secondary: -22
May 03 10:53:27 mark-mac kernel:  Secondary: ASoC: error at __soc_pcm_hw_params on Secondary: -22
May 03 10:53:27 mark-mac kernel:  Secondary: ASoC: error at dpcm_fe_dai_hw_params on Secondary: -22
May 03 10:53:27 mark-mac kernel:  Secondary: opening PCM device 'Secondary' with no audio route configured (bad settings applied to the sound card)
May 03 10:53:27 mark-mac kernel:  Secondary: ASoC: error at snd_soc_link_hw_params on Secondary: -22
May 03 10:53:27 mark-mac kernel:  Secondary: ASoC: error at __soc_pcm_hw_params on Secondary: -22
May 03 10:53:27 mark-mac kernel:  Secondary: ASoC: error at dpcm_fe_dai_hw_params on Secondary: -22
May 03 10:53:27 mark-mac kernel:  Secondary: opening PCM device 'Secondary' with no audio route configured (bad settings applied to the sound card)
May 03 10:53:27 mark-mac kernel:  Secondary: ASoC: error at snd_soc_link_hw_params on Secondary: -22
May 03 10:53:27 mark-mac kernel:  Secondary: ASoC: error at __soc_pcm_hw_params on Secondary: -22
May 03 10:53:27 mark-mac kernel:  Secondary: ASoC: error at dpcm_fe_dai_hw_params on Secondary: -22
May 03 10:53:27 mark-mac kernel:  Secondary: opening PCM device 'Secondary' with no audio route configured (bad settings applied to the sound card)
May 03 10:53:27 mark-mac kernel:  Secondary: ASoC: error at snd_soc_link_hw_params on Secondary: -22
May 03 10:53:27 mark-mac kernel:  Secondary: ASoC: error at __soc_pcm_hw_params on Secondary: -22
May 03 10:53:27 mark-mac kernel:  Secondary: ASoC: error at dpcm_fe_dai_hw_params on Secondary: -22
May 03 10:53:27 mark-mac kernel:  Secondary: opening PCM device 'Secondary' with no audio route configured (bad settings applied to the sound card)
May 03 10:53:27 mark-mac kernel:  Secondary: ASoC: error at snd_soc_link_hw_params on Secondary: -22
May 03 10:53:27 mark-mac kernel:  Secondary: ASoC: error at __soc_pcm_hw_params on Secondary: -22
May 03 10:53:27 mark-mac kernel:  Secondary: ASoC: error at dpcm_fe_dai_hw_params on Secondary: -22
May 03 10:53:27 mark-mac kernel:  Secondary: opening PCM device 'Secondary' with no audio route configured (bad settings applied to the sound card)
May 03 10:53:27 mark-mac kernel:  Secondary: ASoC: error at snd_soc_link_hw_params on Secondary: -22
May 03 10:53:27 mark-mac kernel:  Secondary: ASoC: error at __soc_pcm_hw_params on Secondary: -22
May 03 10:53:27 mark-mac kernel:  Secondary: ASoC: error at dpcm_fe_dai_hw_params on Secondary: -22
May 03 10:53:27 mark-mac kernel:  Secondary: opening PCM device 'Secondary' with no audio route configured (bad settings applied to the sound card)
May 03 10:53:27 mark-mac kernel:  Secondary: ASoC: error at snd_soc_link_hw_params on Secondary: -22
May 03 10:53:27 mark-mac kernel:  Secondary: ASoC: error at __soc_pcm_hw_params on Secondary: -22
May 03 10:53:27 mark-mac kernel:  Secondary: ASoC: error at dpcm_fe_dai_hw_params on Secondary: -22
May 03 10:53:27 mark-mac kernel:  Secondary: opening PCM device 'Secondary' with no audio route configured (bad settings applied to the sound card)
May 03 10:53:27 mark-mac kernel:  Secondary: ASoC: error at snd_soc_link_hw_params on Secondary: -22
May 03 10:53:27 mark-mac kernel:  Secondary: ASoC: error at __soc_pcm_hw_params on Secondary: -22
May 03 10:53:27 mark-mac kernel:  Secondary: ASoC: error at dpcm_fe_dai_hw_params on Secondary: -22
May 03 10:53:27 mark-mac kernel:  Secondary: opening PCM device 'Secondary' with no audio route configured (bad settings applied to the sound card)
May 03 10:53:27 mark-mac kernel:  Secondary: ASoC: error at snd_soc_link_hw_params on Secondary: -22
May 03 10:53:27 mark-mac kernel:  Secondary: ASoC: error at __soc_pcm_hw_params on Secondary: -22
May 03 10:53:27 mark-mac kernel:  Secondary: ASoC: error at dpcm_fe_dai_hw_params on Secondary: -22
May 03 10:53:27 mark-mac kernel:  Secondary: opening PCM device 'Secondary' with no audio route configured (bad settings applied to the sound card)
May 03 10:53:27 mark-mac kernel:  Secondary: ASoC: error at snd_soc_link_hw_params on Secondary: -22
May 03 10:53:27 mark-mac kernel:  Secondary: ASoC: error at __soc_pcm_hw_params on Secondary: -22
May 03 10:53:27 mark-mac kernel:  Secondary: ASoC: error at dpcm_fe_dai_hw_params on Secondary: -22
May 03 10:53:27 mark-mac kernel:  Secondary: opening PCM device 'Secondary' with no audio route configured (bad settings applied to the sound card)
May 03 10:53:27 mark-mac kernel:  Secondary: ASoC: error at snd_soc_link_hw_params on Secondary: -22
May 03 10:53:27 mark-mac kernel:  Secondary: ASoC: error at __soc_pcm_hw_params on Secondary: -22
May 03 10:53:27 mark-mac kernel:  Secondary: ASoC: error at dpcm_fe_dai_hw_params on Secondary: -22
May 03 10:53:27 mark-mac kernel:  Secondary: opening PCM device 'Secondary' with no audio route configured (bad settings applied to the sound card)
May 03 10:53:27 mark-mac kernel:  Secondary: ASoC: error at snd_soc_link_hw_params on Secondary: -22
May 03 10:53:27 mark-mac kernel:  Secondary: ASoC: error at __soc_pcm_hw_params on Secondary: -22
May 03 10:53:27 mark-mac kernel:  Secondary: ASoC: error at dpcm_fe_dai_hw_params on Secondary: -22
May 03 10:53:27 mark-mac kernel:  Secondary: opening PCM device 'Secondary' with no audio route configured (bad settings applied to the sound card)
May 03 10:53:27 mark-mac kernel:  Secondary: ASoC: error at snd_soc_link_hw_params on Secondary: -22
May 03 10:53:27 mark-mac kernel:  Secondary: ASoC: error at __soc_pcm_hw_params on Secondary: -22
May 03 10:53:27 mark-mac kernel:  Secondary: ASoC: error at dpcm_fe_dai_hw_params on Secondary: -22
May 03 10:53:27 mark-mac kernel: Bluetooth: RFCOMM TTY layer initialized
May 03 10:53:27 mark-mac kernel: Bluetooth: RFCOMM socket layer initialized
May 03 10:53:27 mark-mac kernel: Bluetooth: RFCOMM ver 1.11
May 03 10:53:32 mark-mac kernel: nvme-apple 27bcc0000.nvme: RTKit: syslog message: blog.c:102: New BlogBuf low 28
May 03 10:53:48 mark-mac kernel: xhci-hcd xhci-hcd.1.auto: xHCI Host Controller
May 03 10:53:48 mark-mac kernel: xhci-hcd xhci-hcd.1.auto: new USB bus registered, assigned bus number 3
May 03 10:53:48 mark-mac kernel: xhci-hcd xhci-hcd.1.auto: hcc params 0x0238ffcd hci version 0x110 quirks 0x0000000000010010
May 03 10:53:48 mark-mac kernel: xhci-hcd xhci-hcd.1.auto: irq 101, io mem 0x502280000
May 03 10:53:48 mark-mac kernel: xhci-hcd xhci-hcd.1.auto: xHCI Host Controller
May 03 10:53:48 mark-mac kernel: xhci-hcd xhci-hcd.1.auto: new USB bus registered, assigned bus number 4
May 03 10:53:48 mark-mac kernel: xhci-hcd xhci-hcd.1.auto: Host supports USB 3.1 Enhanced SuperSpeed
May 03 10:53:48 mark-mac kernel: usb usb3: New USB device found, idVendor=1d6b, idProduct=0002, bcdDevice= 6.02
May 03 10:53:48 mark-mac kernel: usb usb3: New USB device strings: Mfr=3, Product=2, SerialNumber=1
May 03 10:53:48 mark-mac kernel: usb usb3: Product: xHCI Host Controller
May 03 10:53:48 mark-mac kernel: usb usb3: Manufacturer: Linux 6.2.0-asahi-11-1-edge-ARCH xhci-hcd
May 03 10:53:48 mark-mac kernel: usb usb3: SerialNumber: xhci-hcd.1.auto
May 03 10:53:48 mark-mac kernel: hub 3-0:1.0: USB hub found
May 03 10:53:48 mark-mac kernel: hub 3-0:1.0: 1 port detected
May 03 10:53:48 mark-mac kernel: usb usb4: We don't know the algorithms for LPM for this host, disabling LPM.
May 03 10:53:48 mark-mac kernel: usb usb4: New USB device found, idVendor=1d6b, idProduct=0003, bcdDevice= 6.02
May 03 10:53:48 mark-mac kernel: usb usb4: New USB device strings: Mfr=3, Product=2, SerialNumber=1
May 03 10:53:48 mark-mac kernel: usb usb4: Product: xHCI Host Controller
May 03 10:53:48 mark-mac kernel: usb usb4: Manufacturer: Linux 6.2.0-asahi-11-1-edge-ARCH xhci-hcd
May 03 10:53:48 mark-mac kernel: usb usb4: SerialNumber: xhci-hcd.1.auto
May 03 10:53:48 mark-mac kernel: hub 4-0:1.0: USB hub found
May 03 10:53:48 mark-mac kernel: hub 4-0:1.0: 1 port detected
May 03 10:53:52 mark-mac kernel: usb 3-1: new high-speed USB device number 2 using xhci-hcd
May 03 10:53:52 mark-mac kernel: usb 3-1: New USB device found, idVendor=2109, idProduct=2817, bcdDevice= 3.c3
May 03 10:53:52 mark-mac kernel: usb 3-1: New USB device strings: Mfr=1, Product=2, SerialNumber=0
May 03 10:53:52 mark-mac kernel: usb 3-1: Product: USB2.0 Hub             
May 03 10:53:52 mark-mac kernel: usb 3-1: Manufacturer: VIA Labs, Inc.         
May 03 10:53:52 mark-mac kernel: hub 3-1:1.0: USB hub found
May 03 10:53:52 mark-mac kernel: hub 3-1:1.0: 5 ports detected
May 03 10:53:52 mark-mac kernel: usb 4-1: new SuperSpeed USB device number 2 using xhci-hcd
May 03 10:53:52 mark-mac kernel: usb 4-1: New USB device found, idVendor=2109, idProduct=0817, bcdDevice= 3.c3
May 03 10:53:52 mark-mac kernel: usb 4-1: New USB device strings: Mfr=1, Product=2, SerialNumber=0
May 03 10:53:52 mark-mac kernel: usb 4-1: Product: USB3.0 Hub             
May 03 10:53:52 mark-mac kernel: usb 4-1: Manufacturer: VIA Labs, Inc.         
May 03 10:53:52 mark-mac kernel: hub 4-1:1.0: USB hub found
May 03 10:53:52 mark-mac kernel: hub 4-1:1.0: 4 ports detected
May 03 10:53:53 mark-mac kernel: usb 3-1.4: new full-speed USB device number 3 using xhci-hcd
May 03 10:53:53 mark-mac kernel: usb 3-1.4: New USB device found, idVendor=3151, idProduct=1020, bcdDevice= 0.02
May 03 10:53:53 mark-mac kernel: usb 3-1.4: New USB device strings: Mfr=1, Product=2, SerialNumber=0
May 03 10:53:53 mark-mac kernel: usb 3-1.4: Product: Wireless Device
May 03 10:53:53 mark-mac kernel: usb 3-1.4: Manufacturer: YICHIP
May 03 10:53:53 mark-mac kernel: usb 4-1.3: new SuperSpeed USB device number 3 using xhci-hcd
May 03 10:53:53 mark-mac kernel: usb 4-1.3: New USB device found, idVendor=05e3, idProduct=0749, bcdDevice=15.38
May 03 10:53:53 mark-mac kernel: usb 4-1.3: New USB device strings: Mfr=3, Product=4, SerialNumber=2
May 03 10:53:53 mark-mac kernel: usb 4-1.3: Product: USB3.0 Card Reader
May 03 10:53:53 mark-mac kernel: usb 4-1.3: Manufacturer: Generic
May 03 10:53:53 mark-mac kernel: usb 4-1.3: SerialNumber: 000000001538
May 03 10:53:53 mark-mac kernel: usb-storage 4-1.3:1.0: USB Mass Storage device detected
May 03 10:53:53 mark-mac kernel: scsi host0: usb-storage 4-1.3:1.0
May 03 10:53:53 mark-mac kernel: usbcore: registered new interface driver usb-storage
May 03 10:53:53 mark-mac kernel: usbcore: registered new interface driver uas
May 03 10:53:53 mark-mac kernel: usb 3-1.2: new low-speed USB device number 4 using xhci-hcd
May 03 10:53:53 mark-mac kernel: usb 3-1.2: New USB device found, idVendor=0603, idProduct=00f2, bcdDevice= 1.12
May 03 10:53:53 mark-mac kernel: usb 3-1.2: New USB device strings: Mfr=1, Product=2, SerialNumber=0
May 03 10:53:53 mark-mac kernel: usb 3-1.2: Product: USB Keyboard
May 03 10:53:53 mark-mac kernel: usb 3-1.2: Manufacturer: NOVATEK
May 03 10:53:53 mark-mac kernel: hid-generic 0003:3151:1020.0003: hiddev96,hidraw2: USB HID v2.00 Device [YICHIP Wireless Device] on usb-xhci-hcd.1.auto-1.4/input0
May 03 10:53:53 mark-mac kernel: input: YICHIP Wireless Device Mouse as /devices/platform/soc/502280000.usb/xhci-hcd.1.auto/usb3/3-1/3-1.4/3-1.4:1.1/0003:3151:1020.0004/input/input9
May 03 10:53:53 mark-mac kernel: input: YICHIP Wireless Device System Control as /devices/platform/soc/502280000.usb/xhci-hcd.1.auto/usb3/3-1/3-1.4/3-1.4:1.1/0003:3151:1020.0004/input/input10
May 03 10:53:53 mark-mac kernel: input: YICHIP Wireless Device Consumer Control as /devices/platform/soc/502280000.usb/xhci-hcd.1.auto/usb3/3-1/3-1.4/3-1.4:1.1/0003:3151:1020.0004/input/input11
May 03 10:53:53 mark-mac kernel: hid-generic 0003:3151:1020.0004: input,hiddev97,hidraw3: USB HID v2.00 Mouse [YICHIP Wireless Device] on usb-xhci-hcd.1.auto-1.4/input1
May 03 10:53:53 mark-mac kernel: input: NOVATEK USB Keyboard as /devices/platform/soc/502280000.usb/xhci-hcd.1.auto/usb3/3-1/3-1.2/3-1.2:1.0/0003:0603:00F2.0005/input/input13
May 03 10:53:53 mark-mac kernel: hid-generic 0003:0603:00F2.0005: input,hidraw4: USB HID v1.10 Keyboard [NOVATEK USB Keyboard] on usb-xhci-hcd.1.auto-1.2/input0
May 03 10:53:53 mark-mac kernel: input: NOVATEK USB Keyboard System Control as /devices/platform/soc/502280000.usb/xhci-hcd.1.auto/usb3/3-1/3-1.2/3-1.2:1.1/0003:0603:00F2.0006/input/input14
May 03 10:53:53 mark-mac kernel: input: NOVATEK USB Keyboard Consumer Control as /devices/platform/soc/502280000.usb/xhci-hcd.1.auto/usb3/3-1/3-1.2/3-1.2:1.1/0003:0603:00F2.0006/input/input15
May 03 10:53:53 mark-mac kernel: input: NOVATEK USB Keyboard as /devices/platform/soc/502280000.usb/xhci-hcd.1.auto/usb3/3-1/3-1.2/3-1.2:1.1/0003:0603:00F2.0006/input/input16
May 03 10:53:53 mark-mac kernel: hid-generic 0003:0603:00F2.0006: input,hiddev98,hidraw5: USB HID v1.10 Device [NOVATEK USB Keyboard] on usb-xhci-hcd.1.auto-1.2/input1
May 03 10:53:53 mark-mac kernel: usbcore: registered new interface driver usbhid
May 03 10:53:53 mark-mac kernel: usbhid: USB HID core driver
May 04 09:59:18 mark-mac kernel: scsi 0:0:0:0: Direct-Access     Generic  MassStorageClass 1538 PQ: 0 ANSI: 6
May 04 09:59:18 mark-mac kernel: scsi 0:0:0:1: Direct-Access     Generic  MassStorageClass 1538 PQ: 0 ANSI: 6
May 04 09:59:18 mark-mac kernel: sd 0:0:0:0: Attached scsi generic sg0 type 0
May 04 09:59:18 mark-mac kernel: sd 0:0:0:1: Attached scsi generic sg1 type 0
May 04 09:59:19 mark-mac kernel: sd 0:0:0:0: [sda] Media removed, stopped polling
May 04 09:59:19 mark-mac kernel: sd 0:0:0:1: [sdb] Media removed, stopped polling
May 04 09:59:19 mark-mac kernel: sd 0:0:0:0: [sda] Attached SCSI removable disk
May 04 09:59:19 mark-mac kernel: sd 0:0:0:1: [sdb] Attached SCSI removable disk
May 04 09:59:21 mark-mac kernel: usb 3-1.5: new high-speed USB device number 5 using xhci-hcd
May 04 09:59:21 mark-mac kernel: usb 3-1.5: New USB device found, idVendor=2109, idProduct=8888, bcdDevice= 0.01
May 04 09:59:21 mark-mac kernel: usb 3-1.5: New USB device strings: Mfr=1, Product=2, SerialNumber=3
May 04 09:59:21 mark-mac kernel: usb 3-1.5: Product: USB Billboard Device   
May 04 09:59:21 mark-mac kernel: usb 3-1.5: Manufacturer: VIA Labs, Inc.         
May 04 09:59:21 mark-mac kernel: usb 3-1.5: SerialNumber: 0000000000000001
```

## Log file: `/var/log/Xorg.0.log`
```
[     1.276] (--) Log file renamed from "/var/log/Xorg.pid-488.log" to "/var/log/Xorg.0.log"
[     1.277] 
X.Org X Server 1.21.1.8
X Protocol Version 11, Revision 0
[     1.277] Current Operating System: Linux mark-mac 6.2.0-asahi-11-1-edge-ARCH #2 SMP PREEMPT_DYNAMIC Sun, 19 Mar 2023 10:26:57 +0000 aarch64
[     1.277] Kernel command line: BOOT_IMAGE=/boot/vmlinuz-linux-asahi-edge root=UUID=8987e508-af5d-4dc1-be0d-cb41571c841b rw loglevel=3 quiet
[     1.277]  
[     1.277] Current version of pixman: 0.42.2
[     1.277] 	Before reporting problems, check http://wiki.x.org
	to make sure that you have the latest version.
[     1.277] Markers: (--) probed, (**) from config file, (==) default setting,
	(++) from command line, (!!) notice, (II) informational,
	(WW) warning, (EE) error, (NI) not implemented, (??) unknown.
[     1.277] (==) Log file: "/var/log/Xorg.0.log", Time: Wed May  3 10:53:20 2023
[     1.278] (==) Using config directory: "/etc/X11/xorg.conf.d"
[     1.278] (==) Using system config directory "/usr/share/X11/xorg.conf.d"
[     1.279] (==) No Layout section.  Using the first Screen section.
[     1.279] (==) No screen section available. Using defaults.
[     1.279] (**) |-->Screen "Default Screen Section" (0)
[     1.279] (**) |   |-->Monitor "<default monitor>"
[     1.279] (==) No monitor specified for screen "Default Screen Section".
	Using a default monitor configuration.
[     1.279] (==) Automatically adding devices
[     1.279] (==) Automatically enabling devices
[     1.279] (==) Automatically adding GPU devices
[     1.279] (==) Automatically binding GPU devices
[     1.279] (==) Max clients allowed: 256, resource mask: 0x1fffff
[     1.279] (WW) The directory "/usr/share/fonts/misc" does not exist.
[     1.279] 	Entry deleted from font path.
[     1.279] (WW) `fonts.dir' not found (or not valid) in "/usr/share/fonts/TTF".
[     1.279] 	Entry deleted from font path.
[     1.279] 	(Run 'mkfontdir' on "/usr/share/fonts/TTF").
[     1.279] (WW) The directory "/usr/share/fonts/OTF" does not exist.
[     1.279] 	Entry deleted from font path.
[     1.279] (WW) The directory "/usr/share/fonts/Type1" does not exist.
[     1.279] 	Entry deleted from font path.
[     1.279] (WW) The directory "/usr/share/fonts/100dpi" does not exist.
[     1.279] 	Entry deleted from font path.
[     1.279] (WW) The directory "/usr/share/fonts/75dpi" does not exist.
[     1.279] 	Entry deleted from font path.
[     1.279] (==) FontPath set to:
	
[     1.279] (==) ModulePath set to "/usr/lib/xorg/modules"
[     1.279] (II) The server relies on udev to provide the list of input devices.
	If no devices become available, reconfigure udev or disable AutoAddDevices.
[     1.279] (II) Module ABI versions:
[     1.279] 	X.Org ANSI C Emulation: 0.4
[     1.279] 	X.Org Video Driver: 25.2
[     1.279] 	X.Org XInput driver : 24.4
[     1.279] 	X.Org Server Extension : 10.0
[     1.279] (++) using VT number 1

[     1.279] (II) systemd-logind: logind integration requires -keeptty and -keeptty was not provided, disabling logind integration
[     1.280] (II) xfree86: Adding drm device (/dev/dri/card1)
[     1.280] (II) Platform probe for /sys/devices/platform/soc/206400000.gpu/drm/card1
[     1.280] (II) xfree86: Adding drm device (/dev/dri/card2)
[     1.280] (II) Platform probe for /sys/devices/platform/soc/soc:display-subsystem/drm/card2
[     1.285] (**) OutputClass "appledrm" setting /dev/dri/card2 as PrimaryGPU
[     1.285] (II) LoadModule: "glx"
[     1.286] (II) Loading /usr/lib/xorg/modules/extensions/libglx.so
[     1.288] (II) Module glx: vendor="X.Org Foundation"
[     1.288] 	compiled for 1.21.1.8, module version = 1.0.0
[     1.288] 	ABI class: X.Org Server Extension, version 10.0
[     1.288] (II) Applying OutputClass "appledrm" to /dev/dri/card2
[     1.288] 	loading driver: modesetting
[     1.288] (==) Matched modesetting as autoconfigured driver 0
[     1.288] (==) Matched fbdev as autoconfigured driver 1
[     1.288] (==) Assigned the driver to the xf86ConfigLayout
[     1.288] (II) LoadModule: "modesetting"
[     1.288] (II) Loading /usr/lib/xorg/modules/drivers/modesetting_drv.so
[     1.289] (II) Module modesetting: vendor="X.Org Foundation"
[     1.289] 	compiled for 1.21.1.8, module version = 1.21.1
[     1.289] 	Module class: X.Org Video Driver
[     1.289] 	ABI class: X.Org Video Driver, version 25.2
[     1.289] (II) LoadModule: "fbdev"
[     1.289] (WW) Warning, couldn't open module fbdev
[     1.289] (EE) Failed to load module "fbdev" (module does not exist, 0)
[     1.289] (II) modesetting: Driver for Modesetting Kernel Drivers: kms
[     1.301] (II) modeset(0): using drv /dev/dri/card2
[     1.301] (II) modeset(0): Creating default Display subsection in Screen section
	"Default Screen Section" for depth/fbbpp 24/32
[     1.301] (==) modeset(0): Depth 24, (==) framebuffer bpp 32
[     1.301] (II) Applying OutputClass "appledrm" options to /dev/dri/card2
[     1.301] (==) modeset(0): RGB weight 888
[     1.301] (==) modeset(0): Default visual is TrueColor
[     1.301] (II) Loading sub module "glamoregl"
[     1.301] (II) LoadModule: "glamoregl"
[     1.301] (II) Loading /usr/lib/xorg/modules/libglamoregl.so
[     1.304] (II) Module glamoregl: vendor="X.Org Foundation"
[     1.304] 	compiled for 1.21.1.8, module version = 1.0.1
[     1.304] 	ABI class: X.Org ANSI C Emulation, version 0.4
[     1.370] (II) modeset(0): glamor X acceleration enabled on Apple M1 (G13G B1)
[     1.370] (II) modeset(0): glamor initialized
[     1.370] (==) modeset(0): VariableRefresh: disabled
[     1.370] (==) modeset(0): AsyncFlipSecondaries: disabled
[     1.370] (II) modeset(0): Output eDP-1 has no monitor section
[     1.370] (II) modeset(0): EDID for output eDP-1
[     1.370] (II) modeset(0): Printing probed modes for output eDP-1
[     1.370] (II) modeset(0): Modeline "2560x1600"x60.0  266.63  2560 2568 2600 2642  1600 1632 1640 1682 (100.9 kHz eP)
[     1.370] (II) modeset(0): Output eDP-1 connected
[     1.370] (II) modeset(0): Using exact sizes for initial modes
[     1.370] (II) modeset(0): Output eDP-1 using initial mode 2560x1600 +0+0
[     1.370] (==) modeset(0): Using gamma correction (1.0, 1.0, 1.0)
[     1.370] (++) modeset(0): DPI set to (144, 144)
[     1.370] (II) Loading sub module "fb"
[     1.370] (II) LoadModule: "fb"
[     1.370] (II) Module "fb" already built-in
[     1.389] (==) modeset(0): Backing store enabled
[     1.389] (==) modeset(0): Silken mouse enabled
[     1.395] (II) modeset(0): Initializing kms color map for depth 24, 8 bpc.
[     1.395] (==) modeset(0): DPMS enabled
[     1.395] (WW) modeset(0): Option "PrimaryGPU" is not used
[     1.395] (II) modeset(0): [DRI2] Setup complete
[     1.395] (II) modeset(0): [DRI2]   DRI driver: apple
[     1.395] (II) modeset(0): [DRI2]   VDPAU driver: apple
[     1.395] (II) Initializing extension Generic Event Extension
[     1.395] (II) Initializing extension SHAPE
[     1.396] (II) Initializing extension MIT-SHM
[     1.396] (II) Initializing extension XInputExtension
[     1.397] (II) Initializing extension XTEST
[     1.397] (II) Initializing extension BIG-REQUESTS
[     1.398] (II) Initializing extension SYNC
[     1.398] (II) Initializing extension XKEYBOARD
[     1.398] (II) Initializing extension XC-MISC
[     1.399] (II) Initializing extension SECURITY
[     1.399] (II) Initializing extension XFIXES
[     1.399] (II) Initializing extension RENDER
[     1.400] (II) Initializing extension RANDR
[     1.400] (II) Initializing extension COMPOSITE
[     1.401] (II) Initializing extension DAMAGE
[     1.401] (II) Initializing extension MIT-SCREEN-SAVER
[     1.402] (II) Initializing extension DOUBLE-BUFFER
[     1.402] (II) Initializing extension RECORD
[     1.402] (II) Initializing extension DPMS
[     1.403] (II) Initializing extension Present
[     1.403] (II) Initializing extension DRI3
[     1.403] (II) Initializing extension X-Resource
[     1.404] (II) Initializing extension XVideo
[     1.404] (II) Initializing extension XVideo-MotionCompensation
[     1.404] (II) Initializing extension GLX
[     1.411] (II) AIGLX: Loaded and initialized apple
[     1.411] (II) GLX: Initialized DRI2 GL provider for screen 0
[     1.411] (II) Initializing extension XFree86-VidModeExtension
[     1.412] (II) Initializing extension XFree86-DGA
[     1.412] (II) Initializing extension XFree86-DRI
[     1.412] (II) Initializing extension DRI2
[     1.413] (II) modeset(0): Damage tracking initialized
[     1.413] (II) modeset(0): Setting screen physical size to 451 x 282
[     1.461] (II) config/udev: Adding input device Apple Internal Keyboard / Trackpad (/dev/input/event0)
[     1.461] (**) Apple Internal Keyboard / Trackpad: Applying InputClass "evdev keyboard catchall"
[     1.461] (**) Apple Internal Keyboard / Trackpad: Applying InputClass "libinput keyboard catchall"
[     1.461] (**) Apple Internal Keyboard / Trackpad: Applying InputClass "system-keyboard"
[     1.461] (II) LoadModule: "libinput"
[     1.461] (II) Loading /usr/lib/xorg/modules/input/libinput_drv.so
[     1.466] (II) Module libinput: vendor="X.Org Foundation"
[     1.466] 	compiled for 1.21.1.8, module version = 1.3.0
[     1.466] 	Module class: X.Org XInput Driver
[     1.466] 	ABI class: X.Org XInput driver, version 24.4
[     1.466] (II) Using input driver 'libinput' for 'Apple Internal Keyboard / Trackpad'
[     1.466] (**) Apple Internal Keyboard / Trackpad: always reports core events
[     1.466] (**) Option "Device" "/dev/input/event0"
[     1.478] (II) event0  - Apple Internal Keyboard / Trackpad: is tagged by udev as: Keyboard
[     1.478] (II) event0  - Apple Internal Keyboard / Trackpad: device is a keyboard
[     1.478] (II) event0  - Apple Internal Keyboard / Trackpad: device removed
[     1.488] (**) Option "config_info" "udev:/sys/devices/platform/soc/23510c000.spi/spi_master/spi1/spi1.0/001C:05AC:0281.0001/input/input5/event0"
[     1.488] (II) XINPUT: Adding extended input device "Apple Internal Keyboard / Trackpad" (type: KEYBOARD, id 6)
[     1.488] (**) Option "xkb_layout" "gb"
[     1.488] (**) Option "xkb_variant" "mac"
[     1.526] (II) event0  - Apple Internal Keyboard / Trackpad: is tagged by udev as: Keyboard
[     1.526] (II) event0  - Apple Internal Keyboard / Trackpad: device is a keyboard
[     1.527] (II) config/udev: Adding input device Apple Internal Keyboard / Trackpad (/dev/input/event1)
[     1.527] (**) Apple Internal Keyboard / Trackpad: Applying InputClass "evdev touchpad catchall"
[     1.527] (**) Apple Internal Keyboard / Trackpad: Applying InputClass "libinput touchpad catchall"
[     1.527] (**) Apple Internal Keyboard / Trackpad: Applying InputClass "Enable natural scrolling by default"
[     1.527] (II) Using input driver 'libinput' for 'Apple Internal Keyboard / Trackpad'
[     1.527] (**) Apple Internal Keyboard / Trackpad: always reports core events
[     1.527] (**) Option "Device" "/dev/input/event1"
[     1.527] (II) event1  - Apple Internal Keyboard / Trackpad: is tagged by udev as: Touchpad
[     1.528] (II) event1  - Apple Internal Keyboard / Trackpad: device is a touchpad
[     1.528] (II) event1  - Apple Internal Keyboard / Trackpad: device removed
[     1.547] (II) libinput: Apple Internal Keyboard / Trackpad: Step value 0 was provided, libinput Fallback acceleration function is used.
[     1.547] (II) libinput: Apple Internal Keyboard / Trackpad: Step value 0 was provided, libinput Fallback acceleration function is used.
[     1.547] (II) libinput: Apple Internal Keyboard / Trackpad: Step value 0 was provided, libinput Fallback acceleration function is used.
[     1.547] (**) Option "NaturalScrolling" "on"
[     1.547] (**) Option "config_info" "udev:/sys/devices/platform/soc/23510c000.spi/spi_master/spi1/spi1.0/001C:05AC:0281.0002/input/input6/event1"
[     1.547] (II) XINPUT: Adding extended input device "Apple Internal Keyboard / Trackpad" (type: TOUCHPAD, id 7)
[     1.549] (**) Option "AccelerationScheme" "none"
[     1.549] (**) Apple Internal Keyboard / Trackpad: (accel) selected scheme none/0
[     1.549] (**) Apple Internal Keyboard / Trackpad: (accel) acceleration factor: 2.000
[     1.549] (**) Apple Internal Keyboard / Trackpad: (accel) acceleration threshold: 4
[     1.550] (II) event1  - Apple Internal Keyboard / Trackpad: is tagged by udev as: Touchpad
[     1.553] (II) event1  - Apple Internal Keyboard / Trackpad: device is a touchpad
[     1.554] (II) config/udev: Adding input device Apple Internal Keyboard / Trackpad (/dev/input/mouse0)
[     1.554] (II) No input driver specified, ignoring this device.
[     1.554] (II) This device may have been added with another device file.
[     1.554] (II) config/udev: Adding input device Apple SMC power/lid events (/dev/input/event2)
[     1.554] (**) Apple SMC power/lid events: Applying InputClass "evdev keyboard catchall"
[     1.554] (**) Apple SMC power/lid events: Applying InputClass "libinput keyboard catchall"
[     1.554] (**) Apple SMC power/lid events: Applying InputClass "system-keyboard"
[     1.554] (II) Using input driver 'libinput' for 'Apple SMC power/lid events'
[     1.554] (**) Apple SMC power/lid events: always reports core events
[     1.554] (**) Option "Device" "/dev/input/event2"
[     1.555] (II) event2  - Apple SMC power/lid events: is tagged by udev as: Keyboard Switch
[     1.555] (II) event2  - Apple SMC power/lid events: device is a keyboard
[     1.555] (II) event2  - Apple SMC power/lid events: device is a switch device
[     1.556] (II) event2  - Apple SMC power/lid events: device removed
[     1.565] (**) Option "config_info" "udev:/sys/devices/platform/soc/23e400000.smc/macsmc-hid/input/input7/event2"
[     1.565] (II) XINPUT: Adding extended input device "Apple SMC power/lid events" (type: KEYBOARD, id 8)
[     1.565] (**) Option "xkb_layout" "gb"
[     1.565] (**) Option "xkb_variant" "mac"
[     1.566] (II) event2  - Apple SMC power/lid events: is tagged by udev as: Keyboard Switch
[     1.566] (II) event2  - Apple SMC power/lid events: device is a keyboard
[     1.566] (II) event2  - Apple SMC power/lid events: device is a switch device
[     1.567] (II) config/udev: Adding input device MacBook Air J313 Headphone Jack (/dev/input/event3)
[     1.567] (II) No input driver specified, ignoring this device.
[     1.567] (II) This device may have been added with another device file.
[     1.590] (II) config/udev: Adding input device MacBook Air J313 Headphone Jack (/dev/input/event3)
[     1.590] (II) No input driver specified, ignoring this device.
[     1.590] (II) This device may have been added with another device file.
[     1.599] (II) modeset(0): Disabling kernel dirty updates, not required.
[     7.037] (II) event0  - Apple Internal Keyboard / Trackpad: device removed
[     7.045] (II) event1  - Apple Internal Keyboard / Trackpad: device removed
[     7.063] (II) event2  - Apple SMC power/lid events: device removed
[     7.069] (II) AIGLX: Suspending AIGLX clients for VT switch
[    34.787] (II) config/udev: Adding input device YICHIP Wireless Device Mouse (/dev/input/mouse1)
[    34.787] (II) No input driver specified, ignoring this device.
[    34.787] (II) This device may have been added with another device file.
[    34.803] (II) config/udev: Adding input device YICHIP Wireless Device Consumer Control (/dev/input/event6)
[    34.803] (**) YICHIP Wireless Device Consumer Control: Applying InputClass "evdev keyboard catchall"
[    34.803] (**) YICHIP Wireless Device Consumer Control: Applying InputClass "libinput keyboard catchall"
[    34.803] (**) YICHIP Wireless Device Consumer Control: Applying InputClass "system-keyboard"
[    34.803] (II) Using input driver 'libinput' for 'YICHIP Wireless Device Consumer Control'
[    34.803] (**) YICHIP Wireless Device Consumer Control: always reports core events
[    34.803] (**) Option "Device" "/dev/input/event6"
[    34.805] (II) event6  - YICHIP Wireless Device Consumer Control: is tagged by udev as: Keyboard
[    34.805] (II) event6  - YICHIP Wireless Device Consumer Control: device is a keyboard
[    34.806] (II) event6  - YICHIP Wireless Device Consumer Control: device removed
[    34.814] (II) libinput: YICHIP Wireless Device Consumer Control: needs a virtual subdevice
[    34.814] (**) Option "config_info" "udev:/sys/devices/platform/soc/502280000.usb/xhci-hcd.1.auto/usb3/3-1/3-1.4/3-1.4:1.1/0003:3151:1020.0004/input/input11/event6"
[    34.814] (II) XINPUT: Adding extended input device "YICHIP Wireless Device Consumer Control" (type: MOUSE, id 9)
[    34.814] (**) Option "AccelerationScheme" "none"
[    34.814] (**) YICHIP Wireless Device Consumer Control: (accel) selected scheme none/0
[    34.814] (**) YICHIP Wireless Device Consumer Control: (accel) acceleration factor: 2.000
[    34.814] (**) YICHIP Wireless Device Consumer Control: (accel) acceleration threshold: 4
[    34.814] (**) YICHIP Wireless Device Consumer Control: Applying InputClass "evdev keyboard catchall"
[    34.814] (**) YICHIP Wireless Device Consumer Control: Applying InputClass "libinput keyboard catchall"
[    34.814] (**) YICHIP Wireless Device Consumer Control: Applying InputClass "system-keyboard"
[    34.814] (II) Using input driver 'libinput' for 'YICHIP Wireless Device Consumer Control'
[    34.814] (**) YICHIP Wireless Device Consumer Control: always reports core events
[    34.814] (**) Option "Device" "/dev/input/event6"
[    34.814] (II) libinput: YICHIP Wireless Device Consumer Control: is a virtual subdevice
[    34.814] (EE) libinput: YICHIP Wireless Device Consumer Control: Parent device not available
[    34.817] (II) event6  - YICHIP Wireless Device Consumer Control: is tagged by udev as: Keyboard
[    34.817] (II) event6  - YICHIP Wireless Device Consumer Control: device is a keyboard
[    34.818] (II) event6  - YICHIP Wireless Device Consumer Control: device removed
[    34.832] (**) Option "config_info" "udev:/sys/devices/platform/soc/502280000.usb/xhci-hcd.1.auto/usb3/3-1/3-1.4/3-1.4:1.1/0003:3151:1020.0004/input/input11/event6"
[    34.832] (II) XINPUT: Adding extended input device "YICHIP Wireless Device Consumer Control" (type: KEYBOARD, id 10)
[    34.832] (**) Option "xkb_layout" "gb"
[    34.832] (**) Option "xkb_variant" "mac"
[    34.833] (II) config/udev: Adding input device YICHIP Wireless Device Mouse (/dev/input/event4)
[    34.833] (**) YICHIP Wireless Device Mouse: Applying InputClass "evdev pointer catchall"
[    34.833] (**) YICHIP Wireless Device Mouse: Applying InputClass "libinput pointer catchall"
[    34.833] (II) Using input driver 'libinput' for 'YICHIP Wireless Device Mouse'
[    34.833] (**) YICHIP Wireless Device Mouse: always reports core events
[    34.833] (**) Option "Device" "/dev/input/event4"
[    34.835] (II) event4  - YICHIP Wireless Device Mouse: is tagged by udev as: Mouse
[    34.835] (II) event4  - YICHIP Wireless Device Mouse: device is a pointer
[    34.835] (II) event4  - YICHIP Wireless Device Mouse: device removed
[    34.842] (II) libinput: YICHIP Wireless Device Mouse: Step value 0 was provided, libinput Fallback acceleration function is used.
[    34.842] (II) libinput: YICHIP Wireless Device Mouse: Step value 0 was provided, libinput Fallback acceleration function is used.
[    34.842] (II) libinput: YICHIP Wireless Device Mouse: Step value 0 was provided, libinput Fallback acceleration function is used.
[    34.842] (**) Option "config_info" "udev:/sys/devices/platform/soc/502280000.usb/xhci-hcd.1.auto/usb3/3-1/3-1.4/3-1.4:1.1/0003:3151:1020.0004/input/input9/event4"
[    34.842] (II) XINPUT: Adding extended input device "YICHIP Wireless Device Mouse" (type: MOUSE, id 11)
[    34.842] (**) Option "AccelerationScheme" "none"
[    34.842] (**) YICHIP Wireless Device Mouse: (accel) selected scheme none/0
[    34.842] (**) YICHIP Wireless Device Mouse: (accel) acceleration factor: 2.000
[    34.842] (**) YICHIP Wireless Device Mouse: (accel) acceleration threshold: 4
[    34.843] (II) config/udev: Adding input device YICHIP Wireless Device System Control (/dev/input/event5)
[    34.843] (**) YICHIP Wireless Device System Control: Applying InputClass "evdev keyboard catchall"
[    34.843] (**) YICHIP Wireless Device System Control: Applying InputClass "libinput keyboard catchall"
[    34.843] (**) YICHIP Wireless Device System Control: Applying InputClass "system-keyboard"
[    34.843] (II) Using input driver 'libinput' for 'YICHIP Wireless Device System Control'
[    34.843] (**) YICHIP Wireless Device System Control: always reports core events
[    34.843] (**) Option "Device" "/dev/input/event5"
[    34.845] (II) event5  - YICHIP Wireless Device System Control: is tagged by udev as: Keyboard
[    34.845] (II) event5  - YICHIP Wireless Device System Control: device is a keyboard
[    34.845] (II) event5  - YICHIP Wireless Device System Control: device removed
[    34.859] (**) Option "config_info" "udev:/sys/devices/platform/soc/502280000.usb/xhci-hcd.1.auto/usb3/3-1/3-1.4/3-1.4:1.1/0003:3151:1020.0004/input/input10/event5"
[    34.859] (II) XINPUT: Adding extended input device "YICHIP Wireless Device System Control" (type: KEYBOARD, id 12)
[    34.859] (**) Option "xkb_layout" "gb"
[    34.859] (**) Option "xkb_variant" "mac"
[    34.860] (II) config/udev: Adding input device NOVATEK USB Keyboard Consumer Control (/dev/input/event9)
[    34.860] (**) NOVATEK USB Keyboard Consumer Control: Applying InputClass "evdev keyboard catchall"
[    34.860] (**) NOVATEK USB Keyboard Consumer Control: Applying InputClass "libinput keyboard catchall"
[    34.860] (**) NOVATEK USB Keyboard Consumer Control: Applying InputClass "system-keyboard"
[    34.860] (II) Using input driver 'libinput' for 'NOVATEK USB Keyboard Consumer Control'
[    34.860] (**) NOVATEK USB Keyboard Consumer Control: always reports core events
[    34.860] (**) Option "Device" "/dev/input/event9"
[    34.861] (II) event9  - NOVATEK USB Keyboard Consumer Control: is tagged by udev as: Keyboard
[    34.861] (II) event9  - NOVATEK USB Keyboard Consumer Control: device is a keyboard
[    34.862] (II) event9  - NOVATEK USB Keyboard Consumer Control: device removed
[    34.875] (**) Option "config_info" "udev:/sys/devices/platform/soc/502280000.usb/xhci-hcd.1.auto/usb3/3-1/3-1.2/3-1.2:1.1/0003:0603:00F2.0006/input/input15/event9"
[    34.875] (II) XINPUT: Adding extended input device "NOVATEK USB Keyboard Consumer Control" (type: KEYBOARD, id 13)
[    34.875] (**) Option "xkb_layout" "gb"
[    34.875] (**) Option "xkb_variant" "mac"
[    34.876] (II) config/udev: Adding input device NOVATEK USB Keyboard System Control (/dev/input/event8)
[    34.876] (**) NOVATEK USB Keyboard System Control: Applying InputClass "evdev keyboard catchall"
[    34.876] (**) NOVATEK USB Keyboard System Control: Applying InputClass "libinput keyboard catchall"
[    34.876] (**) NOVATEK USB Keyboard System Control: Applying InputClass "system-keyboard"
[    34.876] (II) Using input driver 'libinput' for 'NOVATEK USB Keyboard System Control'
[    34.876] (**) NOVATEK USB Keyboard System Control: always reports core events
[    34.876] (**) Option "Device" "/dev/input/event8"
[    34.877] (II) event8  - NOVATEK USB Keyboard System Control: is tagged by udev as: Keyboard
[    34.877] (II) event8  - NOVATEK USB Keyboard System Control: device is a keyboard
[    34.878] (II) event8  - NOVATEK USB Keyboard System Control: device removed
[    34.889] (**) Option "config_info" "udev:/sys/devices/platform/soc/502280000.usb/xhci-hcd.1.auto/usb3/3-1/3-1.2/3-1.2:1.1/0003:0603:00F2.0006/input/input14/event8"
[    34.889] (II) XINPUT: Adding extended input device "NOVATEK USB Keyboard System Control" (type: KEYBOARD, id 14)
[    34.889] (**) Option "xkb_layout" "gb"
[    34.889] (**) Option "xkb_variant" "mac"
[    34.890] (II) config/udev: Adding input device NOVATEK USB Keyboard (/dev/input/event10)
[    34.890] (**) NOVATEK USB Keyboard: Applying InputClass "evdev pointer catchall"
[    34.890] (**) NOVATEK USB Keyboard: Applying InputClass "libinput pointer catchall"
[    34.890] (II) Using input driver 'libinput' for 'NOVATEK USB Keyboard'
[    34.890] (**) NOVATEK USB Keyboard: always reports core events
[    34.890] (**) Option "Device" "/dev/input/event10"
[    34.891] (II) event10 - NOVATEK USB Keyboard: is tagged by udev as: Mouse
[    34.892] (II) event10 - NOVATEK USB Keyboard: device is a pointer
[    34.892] (II) event10 - NOVATEK USB Keyboard: device removed
[    34.902] (**) Option "config_info" "udev:/sys/devices/platform/soc/502280000.usb/xhci-hcd.1.auto/usb3/3-1/3-1.2/3-1.2:1.1/0003:0603:00F2.0006/input/input16/event10"
[    34.902] (II) XINPUT: Adding extended input device "NOVATEK USB Keyboard" (type: MOUSE, id 15)
[    34.902] (**) Option "AccelerationScheme" "none"
[    34.902] (**) NOVATEK USB Keyboard: (accel) selected scheme none/0
[    34.902] (**) NOVATEK USB Keyboard: (accel) acceleration factor: 2.000
[    34.902] (**) NOVATEK USB Keyboard: (accel) acceleration threshold: 4
[    34.903] (II) config/udev: Adding input device NOVATEK USB Keyboard (/dev/input/event7)
[    34.903] (**) NOVATEK USB Keyboard: Applying InputClass "evdev keyboard catchall"
[    34.903] (**) NOVATEK USB Keyboard: Applying InputClass "libinput keyboard catchall"
[    34.903] (**) NOVATEK USB Keyboard: Applying InputClass "system-keyboard"
[    34.903] (II) Using input driver 'libinput' for 'NOVATEK USB Keyboard'
[    34.903] (**) NOVATEK USB Keyboard: always reports core events
[    34.903] (**) Option "Device" "/dev/input/event7"
[    34.904] (II) event7  - NOVATEK USB Keyboard: is tagged by udev as: Keyboard
[    34.904] (II) event7  - NOVATEK USB Keyboard: device is a keyboard
[    34.905] (II) event7  - NOVATEK USB Keyboard: device removed
[    34.913] (**) Option "config_info" "udev:/sys/devices/platform/soc/502280000.usb/xhci-hcd.1.auto/usb3/3-1/3-1.2/3-1.2:1.0/0003:0603:00F2.0005/input/input13/event7"
[    34.913] (II) XINPUT: Adding extended input device "NOVATEK USB Keyboard" (type: KEYBOARD, id 16)
[    34.913] (**) Option "xkb_layout" "gb"
[    34.913] (**) Option "xkb_variant" "mac"
```

## Log file: `/var/log/pacman.log`
```
[2023-04-23T04:12:26+0100] [ALPM] upgraded khangman (22.12.3-1 -> 23.04.0-1)
[2023-04-23T04:12:26+0100] [ALPM] upgraded kig (22.12.3-1 -> 23.04.0-1)
[2023-04-23T04:12:27+0100] [ALPM] upgraded kiten (22.12.3-1 -> 23.04.0-1)
[2023-04-23T04:12:29+0100] [ALPM] upgraded klettres (22.12.3-1 -> 23.04.0-1)
[2023-04-23T04:12:29+0100] [ALPM] upgraded kmplot (22.12.3-1 -> 23.04.0-1)
[2023-04-23T04:12:29+0100] [ALPM] upgraded kqtquickcharts (22.12.3-1 -> 23.04.0-1)
[2023-04-23T04:12:30+0100] [ALPM] upgraded ktouch (22.12.3-1 -> 23.04.0-1)
[2023-04-23T04:12:30+0100] [ALPM] upgraded kturtle (22.12.3-1 -> 23.04.0-1)
[2023-04-23T04:12:30+0100] [ALPM] upgraded kwordquiz (22.12.3-1 -> 23.04.0-1)
[2023-04-23T04:12:31+0100] [ALPM] upgraded marble-common (22.12.3-1 -> 23.04.0-1)
[2023-04-23T04:12:31+0100] [ALPM] upgraded marble (22.12.3-1 -> 23.04.0-1)
[2023-04-23T04:12:33+0100] [ALPM] upgraded minuet (22.12.3-1 -> 23.04.0-1)
